Archive member included to satisfy reference by file (symbol)

/home/phong/.local/xPacks/@xpack-dev-tools/arm-none-eabi-gcc/12.3.1-1.2.1/.content/bin/../lib/gcc/arm-none-eabi/12.3.1/thumb/v7e-m/nofp/libgcc.a(_arm_muldf3.o)
                              ./src/main.o (__aeabi_dmul)
/home/phong/.local/xPacks/@xpack-dev-tools/arm-none-eabi-gcc/12.3.1-1.2.1/.content/bin/../lib/gcc/arm-none-eabi/12.3.1/thumb/v7e-m/nofp/libgcc.a(_arm_addsubdf3.o)
                              ./src/main.o (__aeabi_i2d)
/home/phong/.local/xPacks/@xpack-dev-tools/arm-none-eabi-gcc/12.3.1-1.2.1/.content/bin/../lib/gcc/arm-none-eabi/12.3.1/thumb/v7e-m/nofp/libgcc.a(_arm_muldivdf3.o)
                              ./src/main.o (__aeabi_ddiv)
/home/phong/.local/xPacks/@xpack-dev-tools/arm-none-eabi-gcc/12.3.1-1.2.1/.content/bin/../lib/gcc/arm-none-eabi/12.3.1/thumb/v7e-m/nofp/libgcc.a(_arm_truncdfsf2.o)
                              ./src/main.o (__aeabi_d2f)
/home/phong/.local/xPacks/@xpack-dev-tools/arm-none-eabi-gcc/12.3.1-1.2.1/.content/bin/../lib/gcc/arm-none-eabi/12.3.1/thumb/v7e-m/nofp/libgcc.a(_aeabi_uldivmod.o)
                              ./system/src/stm32f4-hal/stm32f4xx_hal_rcc.o (__aeabi_uldivmod)
/home/phong/.local/xPacks/@xpack-dev-tools/arm-none-eabi-gcc/12.3.1-1.2.1/.content/bin/../lib/gcc/arm-none-eabi/12.3.1/thumb/v7e-m/nofp/libgcc.a(_udivmoddi4.o)
                              /home/phong/.local/xPacks/@xpack-dev-tools/arm-none-eabi-gcc/12.3.1-1.2.1/.content/bin/../lib/gcc/arm-none-eabi/12.3.1/thumb/v7e-m/nofp/libgcc.a(_aeabi_uldivmod.o) (__udivmoddi4)
/home/phong/.local/xPacks/@xpack-dev-tools/arm-none-eabi-gcc/12.3.1-1.2.1/.content/bin/../lib/gcc/arm-none-eabi/12.3.1/thumb/v7e-m/nofp/libgcc.a(_dvmd_tls.o)
                              /home/phong/.local/xPacks/@xpack-dev-tools/arm-none-eabi-gcc/12.3.1-1.2.1/.content/bin/../lib/gcc/arm-none-eabi/12.3.1/thumb/v7e-m/nofp/libgcc.a(_aeabi_uldivmod.o) (__aeabi_ldiv0)
/home/phong/.local/xPacks/@xpack-dev-tools/arm-none-eabi-gcc/12.3.1-1.2.1/.content/bin/../lib/gcc/arm-none-eabi/12.3.1/../../../../arm-none-eabi/lib/thumb/v7e-m/nofp/libg_nano.a(libc_a-atoi.o)
                              ./src/main.o (atoi)
/home/phong/.local/xPacks/@xpack-dev-tools/arm-none-eabi-gcc/12.3.1-1.2.1/.content/bin/../lib/gcc/arm-none-eabi/12.3.1/../../../../arm-none-eabi/lib/thumb/v7e-m/nofp/libg_nano.a(libc_a-strtol.o)
                              /home/phong/.local/xPacks/@xpack-dev-tools/arm-none-eabi-gcc/12.3.1-1.2.1/.content/bin/../lib/gcc/arm-none-eabi/12.3.1/../../../../arm-none-eabi/lib/thumb/v7e-m/nofp/libg_nano.a(libc_a-atoi.o) (_strtol_r)
/home/phong/.local/xPacks/@xpack-dev-tools/arm-none-eabi-gcc/12.3.1-1.2.1/.content/bin/../lib/gcc/arm-none-eabi/12.3.1/../../../../arm-none-eabi/lib/thumb/v7e-m/nofp/libg_nano.a(libc_a-ctype_.o)
                              ./system/src/newlib/syscalls.o (_ctype_)
/home/phong/.local/xPacks/@xpack-dev-tools/arm-none-eabi-gcc/12.3.1-1.2.1/.content/bin/../lib/gcc/arm-none-eabi/12.3.1/../../../../arm-none-eabi/lib/thumb/v7e-m/nofp/libg_nano.a(libc_a-printf.o)
                              ./src/main.o (printf)
/home/phong/.local/xPacks/@xpack-dev-tools/arm-none-eabi-gcc/12.3.1-1.2.1/.content/bin/../lib/gcc/arm-none-eabi/12.3.1/../../../../arm-none-eabi/lib/thumb/v7e-m/nofp/libg_nano.a(libc_a-vsnprintf.o)
                              ./system/src/diag/trace.o (vsnprintf)
/home/phong/.local/xPacks/@xpack-dev-tools/arm-none-eabi-gcc/12.3.1-1.2.1/.content/bin/../lib/gcc/arm-none-eabi/12.3.1/../../../../arm-none-eabi/lib/thumb/v7e-m/nofp/libg_nano.a(libc_a-memset.o)
                              ./system/src/newlib/syscalls.o (memset)
/home/phong/.local/xPacks/@xpack-dev-tools/arm-none-eabi-gcc/12.3.1-1.2.1/.content/bin/../lib/gcc/arm-none-eabi/12.3.1/../../../../arm-none-eabi/lib/thumb/v7e-m/nofp/libg_nano.a(libc_a-strncpy.o)
                              ./system/src/newlib/syscalls.o (strncpy)
/home/phong/.local/xPacks/@xpack-dev-tools/arm-none-eabi-gcc/12.3.1-1.2.1/.content/bin/../lib/gcc/arm-none-eabi/12.3.1/../../../../arm-none-eabi/lib/thumb/v7e-m/nofp/libg_nano.a(libc_a-impure.o)
                              /home/phong/.local/xPacks/@xpack-dev-tools/arm-none-eabi-gcc/12.3.1-1.2.1/.content/bin/../lib/gcc/arm-none-eabi/12.3.1/../../../../arm-none-eabi/lib/thumb/v7e-m/nofp/libg_nano.a(libc_a-strtol.o) (_impure_ptr)
/home/phong/.local/xPacks/@xpack-dev-tools/arm-none-eabi-gcc/12.3.1-1.2.1/.content/bin/../lib/gcc/arm-none-eabi/12.3.1/../../../../arm-none-eabi/lib/thumb/v7e-m/nofp/libg_nano.a(libc_a-errno.o)
                              ./system/src/newlib/sbrk.o (__errno)
/home/phong/.local/xPacks/@xpack-dev-tools/arm-none-eabi-gcc/12.3.1-1.2.1/.content/bin/../lib/gcc/arm-none-eabi/12.3.1/../../../../arm-none-eabi/lib/thumb/v7e-m/nofp/libg_nano.a(libc_a-strcmp.o)
                              ./system/src/cortexm/exception-handlers.o (strcmp)
[...]
Memory Configuration

Name             Origin             Length             Attributes
RAM              0x20000000         0x00020000         xrw
CCMRAM           0x10000000         0x00010000         xrw
FLASH            0x08000000         0x00100000         xr
FLASHB1          0x00000000         0x00000000         xr
EXTMEMB0         0x00000000         0x00000000         xr
EXTMEMB1         0x00000000         0x00000000         xr
EXTMEMB2         0x00000000         0x00000000         xr
EXTMEMB3         0x00000000         0x00000000         xr
MEMORY_ARRAY     0x20002000         0x00000020         xrw
*default*        0x00000000         0xffffffff

Linker script and memory map

LOAD ./system/src/stm32f4-hal/stm32f4xx_hal.o
LOAD ./system/src/stm32f4-hal/stm32f4xx_hal_cortex.o
LOAD ./system/src/stm32f4-hal/stm32f4xx_hal_flash.o
LOAD ./system/src/stm32f4-hal/stm32f4xx_hal_flash_ex.o
LOAD ./system/src/stm32f4-hal/stm32f4xx_hal_flash_ramfunc.o
LOAD ./system/src/stm32f4-hal/stm32f4xx_hal_gpio.o
LOAD ./system/src/stm32f4-hal/stm32f4xx_hal_iwdg.o
LOAD ./system/src/stm32f4-hal/stm32f4xx_hal_pwr.o
LOAD ./system/src/stm32f4-hal/stm32f4xx_hal_rcc.o
LOAD ./system/src/newlib/assert.o
LOAD ./system/src/newlib/cxx.o
LOAD ./system/src/newlib/exit.o
LOAD ./system/src/newlib/sbrk.o
LOAD ./system/src/newlib/startup.o
LOAD ./system/src/newlib/syscalls.o
LOAD ./system/src/diag/trace-impl.o
LOAD ./system/src/diag/trace.o
LOAD ./system/src/cortexm/exception-handlers.o
LOAD ./system/src/cortexm/initialize-hardware.o
LOAD ./system/src/cortexm/reset-hardware.o
LOAD ./system/src/cmsis/system_stm32f4xx.o
LOAD ./system/src/cmsis/vectors_stm32f407xx.o
LOAD ./src/initialize-hardware.o
LOAD ./src/main.o
LOAD ./src/stm32f4xx_hal_msp.o
LOAD ./src/write.o
LOAD /home/phong/.local/xPacks/@xpack-dev-tools/arm-none-eabi-gcc/12.3.1-1.2.1/.content/bin/../lib/gcc/arm-none-eabi/12.3.1/../../../../arm-none-eabi/lib/thumb/v7e-m/nofp/libstdc++_nano.a
LOAD /home/phong/.local/xPacks/@xpack-dev-tools/arm-none-eabi-gcc/12.3.1-1.2.1/.content/bin/../lib/gcc/arm-none-eabi/12.3.1/../../../../arm-none-eabi/lib/thumb/v7e-m/nofp/libm.a
START GROUP
LOAD /home/phong/.local/xPacks/@xpack-dev-tools/arm-none-eabi-gcc/12.3.1-1.2.1/.content/bin/../lib/gcc/arm-none-eabi/12.3.1/thumb/v7e-m/nofp/libgcc.a
LOAD /home/phong/.local/xPacks/@xpack-dev-tools/arm-none-eabi-gcc/12.3.1-1.2.1/.content/bin/../lib/gcc/arm-none-eabi/12.3.1/../../../../arm-none-eabi/lib/thumb/v7e-m/nofp/libg_nano.a
LOAD /home/phong/.local/xPacks/@xpack-dev-tools/arm-none-eabi-gcc/12.3.1-1.2.1/.content/bin/../lib/gcc/arm-none-eabi/12.3.1/../../../../arm-none-eabi/lib/thumb/v7e-m/nofp/libc_nano.a
END GROUP
START GROUP
LOAD /home/phong/.local/xPacks/@xpack-dev-tools/arm-none-eabi-gcc/12.3.1-1.2.1/.content/bin/../lib/gcc/arm-none-eabi/12.3.1/thumb/v7e-m/nofp/libgcc.a
LOAD /home/phong/.local/xPacks/@xpack-dev-tools/arm-none-eabi-gcc/12.3.1-1.2.1/.content/bin/../lib/gcc/arm-none-eabi/12.3.1/../../../../arm-none-eabi/lib/thumb/v7e-m/nofp/libc_nano.a
END GROUP
                0x20020000                        __stack = (ORIGIN (RAM) + LENGTH (RAM))
                0x20020000                        _estack = __stack
                0x00000400                        __Main_Stack_Size = 0x400
                [!provide]                        PROVIDE (_Main_Stack_Size = __Main_Stack_Size)
                0x2001fc00                        __Main_Stack_Limit = (__stack - __Main_Stack_Size)
                [!provide]                        PROVIDE (_Main_Stack_Limit = __Main_Stack_Limit)
                0x00000100                        _Minimum_Stack_Size = 0x100
                0x20000370                        PROVIDE (_Heap_Begin = _end_noinit)
                0x2001fc00                        PROVIDE (_Heap_Limit = (__stack - __Main_Stack_Size))

.isr_vector     0x08000000      0x3e8
 FILL mask 0xff
                0x08000000                        __vectors_start = ABSOLUTE (.)
                0x08000000                        __vectors_start__ = ABSOLUTE (.)
 *(.isr_vector)
 .isr_vector    0x08000000      0x188 ./system/src/cmsis/vectors_stm32f407xx.o
                0x08000000                __isr_vectors
 *(.cfmconfig)
 *(.after_vectors .after_vectors.*)
 .after_vectors
                0x08000188      0x130 ./system/src/newlib/startup.o
                0x08000188                _start
 .after_vectors
                0x080002b8      0x12c ./system/src/cortexm/exception-handlers.o
                0x080002b8                Reset_Handler
                0x080002be                NMI_Handler
                0x080002c2                HardFault_Handler
                0x080002d6                HardFault_Handler_C
                0x08000334                MemManage_Handler
                0x08000338                BusFault_Handler
                0x0800034c                BusFault_Handler_C
                0x08000380                UsageFault_Handler
                0x08000394                UsageFault_Handler_C
                0x080003c8                SVC_Handler
                0x080003cc                DebugMon_Handler
                0x080003d0                PendSV_Handler
                0x080003d4                SysTick_Handler
 .after_vectors
                0x080003e4        0x4 ./system/src/cmsis/vectors_stm32f407xx.o
                0x080003e4                RTC_Alarm_IRQHandler
                0x080003e4                HASH_RNG_IRQHandler
                0x080003e4                EXTI2_IRQHandler
                0x080003e4                TIM8_CC_IRQHandler
                0x080003e4                TIM1_CC_IRQHandler
                0x080003e4                DMA2_Stream5_IRQHandler
                0x080003e4                DMA1_Stream5_IRQHandler
                0x080003e4                PVD_IRQHandler
                0x080003e4                SDIO_IRQHandler
                0x080003e4                TAMP_STAMP_IRQHandler
                0x080003e4                CAN2_RX1_IRQHandler
                0x080003e4                EXTI3_IRQHandler
                0x080003e4                TIM8_TRG_COM_TIM14_IRQHandler
                0x080003e4                TIM1_UP_TIM10_IRQHandler
                0x080003e4                TIM8_UP_TIM13_IRQHandler
                0x080003e4                I2C3_ER_IRQHandler
                0x080003e4                EXTI0_IRQHandler
                0x080003e4                I2C2_EV_IRQHandler
                0x080003e4                DMA1_Stream2_IRQHandler
                0x080003e4                CAN1_RX0_IRQHandler
                0x080003e4                FPU_IRQHandler
                0x080003e4                OTG_HS_WKUP_IRQHandler
                0x080003e4                CAN2_SCE_IRQHandler
                0x080003e4                DMA2_Stream2_IRQHandler
                0x080003e4                SPI1_IRQHandler
                0x080003e4                TIM6_DAC_IRQHandler
                0x080003e4                TIM1_BRK_TIM9_IRQHandler
                0x080003e4                DCMI_IRQHandler
                0x080003e4                CAN2_RX0_IRQHandler
                0x080003e4                DMA2_Stream3_IRQHandler
                0x080003e4                USART6_IRQHandler
                0x080003e4                USART3_IRQHandler
                0x080003e4                CAN1_RX1_IRQHandler
                0x080003e4                UART5_IRQHandler
                0x080003e4                DMA2_Stream0_IRQHandler
                0x080003e4                TIM4_IRQHandler
                0x080003e4                I2C1_EV_IRQHandler
                0x080003e4                DMA1_Stream6_IRQHandler
                0x080003e4                DMA1_Stream1_IRQHandler
                0x080003e4                UART4_IRQHandler
                0x080003e4                TIM3_IRQHandler
                0x080003e4                RCC_IRQHandler
                0x080003e4                TIM8_BRK_TIM12_IRQHandler
                0x080003e4                Default_Handler
                0x080003e4                EXTI15_10_IRQHandler
                0x080003e4                ADC_IRQHandler
                0x080003e4                DMA1_Stream7_IRQHandler
                0x080003e4                TIM7_IRQHandler
                0x080003e4                CAN2_TX_IRQHandler
                0x080003e4                TIM5_IRQHandler
                0x080003e4                DMA2_Stream7_IRQHandler
                0x080003e4                I2C3_EV_IRQHandler
                0x080003e4                EXTI9_5_IRQHandler
                0x080003e4                RTC_WKUP_IRQHandler
                0x080003e4                ETH_WKUP_IRQHandler
                0x080003e4                SPI2_IRQHandler
                0x080003e4                OTG_HS_EP1_IN_IRQHandler
                0x080003e4                DMA1_Stream0_IRQHandler
                0x080003e4                CAN1_TX_IRQHandler
                0x080003e4                EXTI4_IRQHandler
                0x080003e4                ETH_IRQHandler
                0x080003e4                OTG_HS_EP1_OUT_IRQHandler
                0x080003e4                WWDG_IRQHandler
                0x080003e4                TIM2_IRQHandler
                0x080003e4                OTG_FS_WKUP_IRQHandler
                0x080003e4                TIM1_TRG_COM_TIM11_IRQHandler
                0x080003e4                OTG_HS_IRQHandler
                0x080003e4                EXTI1_IRQHandler
                0x080003e4                USART2_IRQHandler
                0x080003e4                I2C2_ER_IRQHandler
                0x080003e4                DMA2_Stream1_IRQHandler
                0x080003e4                CAN1_SCE_IRQHandler
                0x080003e4                FLASH_IRQHandler
                0x080003e4                DMA2_Stream4_IRQHandler
                0x080003e4                USART1_IRQHandler
                0x080003e4                OTG_FS_IRQHandler
                0x080003e4                SPI3_IRQHandler
                0x080003e4                DMA1_Stream4_IRQHandler
                0x080003e4                I2C1_ER_IRQHandler
                0x080003e4                FMC_IRQHandler
                0x080003e4                DMA2_Stream6_IRQHandler
                0x080003e4                DMA1_Stream3_IRQHandler

.inits          0x080003e8       0x28
                0x080003e8                        __data_regions_array_start = .
                0x080003e8        0x4 LONG 0x80039d4 LOADADDR (.data)
                0x080003ec        0x4 LONG 0x20000000 ADDR (.data)
                0x080003f0        0x4 LONG 0x20000070 (ADDR (.data) + SIZEOF (.data))
                0x080003f4        0x4 LONG 0x80039d4 LOADADDR (.data_CCMRAM)
                0x080003f8        0x4 LONG 0x10000000 ADDR (.data_CCMRAM)
                0x080003fc        0x4 LONG 0x10000000 (ADDR (.data_CCMRAM) + SIZEOF (.data_CCMRAM))
                0x08000400                        __data_regions_array_end = .
                0x08000400                        __bss_regions_array_start = .
                0x08000400        0x4 LONG 0x20000070 ADDR (.bss)
                0x08000404        0x4 LONG 0x20000370 (ADDR (.bss) + SIZEOF (.bss))
                0x08000408        0x4 LONG 0x10000000 ADDR (.bss_CCMRAM)
                0x0800040c        0x4 LONG 0x10000000 (ADDR (.bss_CCMRAM) + SIZEOF (.bss_CCMRAM))
                0x08000410                        __bss_regions_array_end = .
 *(.init)
 *(.fini)
                0x08000410                        . = ALIGN (0x4)
                0x08000410                        PROVIDE (__preinit_array_start = .)
 *(.preinit_array_sysinit .preinit_array_sysinit.*)
 *(.preinit_array_platform .preinit_array_platform.*)
 *(.preinit_array .preinit_array.*)
                0x08000410                        PROVIDE (__preinit_array_end = .)
                0x08000410                        . = ALIGN (0x4)
                0x08000410                        PROVIDE (__init_array_start = .)
 *(SORT_BY_NAME(.init_array.*))
 *(.init_array)
                0x08000410                        PROVIDE (__init_array_end = .)
                0x08000410                        . = ALIGN (0x4)
                0x08000410                        PROVIDE (__fini_array_start = .)
 *(SORT_BY_NAME(.fini_array.*))
 *(.fini_array)
                0x08000410                        PROVIDE (__fini_array_end = .)

.flashtext
 *(.flashtext .flashtext.*)

.text           0x08000410     0x35bc
 *(.text .text.*)
 .text.HAL_InitTick
                0x08000410       0x4c ./system/src/stm32f4-hal/stm32f4xx_hal.o
                0x08000410                HAL_InitTick
 .text.HAL_Init
                0x0800045c       0x34 ./system/src/stm32f4-hal/stm32f4xx_hal.o
                0x0800045c                HAL_Init
 .text.HAL_GetTick
                0x08000490        0xc ./system/src/stm32f4-hal/stm32f4xx_hal.o
                0x08000490                HAL_GetTick
 .text.__NVIC_SetPriority
                0x0800049c       0x28 ./system/src/stm32f4-hal/stm32f4xx_hal_cortex.o
 .text.NVIC_EncodePriority
                0x080004c4       0x3e ./system/src/stm32f4-hal/stm32f4xx_hal_cortex.o
 *fill*         0x08000502        0x2 
 .text.HAL_NVIC_SetPriorityGrouping
                0x08000504       0x3c ./system/src/stm32f4-hal/stm32f4xx_hal_cortex.o
                0x08000504                HAL_NVIC_SetPriorityGrouping
 .text.HAL_NVIC_SetPriority
                0x08000540       0x48 ./system/src/stm32f4-hal/stm32f4xx_hal_cortex.o
                0x08000540                HAL_NVIC_SetPriority
 .text.HAL_SYSTICK_Config
                0x08000588       0x28 ./system/src/stm32f4-hal/stm32f4xx_hal_cortex.o
                0x08000588                HAL_SYSTICK_Config
 .text.HAL_SYSTICK_CLKSourceConfig
                0x080005b0       0x34 ./system/src/stm32f4-hal/stm32f4xx_hal_cortex.o
                0x080005b0                HAL_SYSTICK_CLKSourceConfig
 .text.HAL_RCC_OscConfig
                0x080005e4      0x4f8 ./system/src/stm32f4-hal/stm32f4xx_hal_rcc.o
                0x080005e4                HAL_RCC_OscConfig
 .text.HAL_RCC_GetSysClockFreq
                0x08000adc       0xdc ./system/src/stm32f4-hal/stm32f4xx_hal_rcc.o
                0x08000adc                HAL_RCC_GetSysClockFreq
 .text.HAL_RCC_ClockConfig
                0x08000bb8      0x224 ./system/src/stm32f4-hal/stm32f4xx_hal_rcc.o
                0x08000bb8                HAL_RCC_ClockConfig
 .text.HAL_RCC_GetHCLKFreq
                0x08000ddc        0xc ./system/src/stm32f4-hal/stm32f4xx_hal_rcc.o
                0x08000ddc                HAL_RCC_GetHCLKFreq
 .text._sbrk    0x08000de8       0x44 ./system/src/newlib/sbrk.o
                0x08000de8                _sbrk
 .text.findslot
                0x08000e2c       0x24 ./system/src/newlib/syscalls.o
 .text.get_errno
                0x08000e50       0x12 ./system/src/newlib/syscalls.o
 .text.error    0x08000e62       0x14 ./system/src/newlib/syscalls.o
 .text.checkerror
                0x08000e76       0x10 ./system/src/newlib/syscalls.o
 *fill*         0x08000e86        0x2 
 .text._exit    0x08000e88       0x20 ./system/src/newlib/syscalls.o
                0x08000e88                _exit
 .text.initialise_monitor_handles
                0x08000ea8       0xa8 ./system/src/newlib/syscalls.o
                0x08000ea8                initialise_monitor_handles
 .text.__initialize_args
                0x08000f50       0xc0 ./system/src/newlib/syscalls.o
                0x08000f50                __initialize_args
 .text._swiread
                0x08001010       0x20 ./system/src/newlib/syscalls.o
                0x08001010                _swiread
 .text._read    0x08001030       0x36 ./system/src/newlib/syscalls.o
                0x08001030                _read
 .text._swilseek
                0x08001066       0x96 ./system/src/newlib/syscalls.o
                0x08001066                _swilseek
 .text._lseek   0x080010fc        0x8 ./system/src/newlib/syscalls.o
                0x080010fc                _lseek
 .text._swiwrite
                0x08001104       0x20 ./system/src/newlib/syscalls.o
                0x08001104                _swiwrite
 .text._write   0x08001124       0x46 ./system/src/newlib/syscalls.o
                0x08001124                _write
 .text._swiclose
                0x0800116a       0x1c ./system/src/newlib/syscalls.o
                0x0800116a                _swiclose
 *fill*         0x08001186        0x2 
 .text._close   0x08001188       0x48 ./system/src/newlib/syscalls.o
                0x08001188                _close
 .text._swistat
                0x080011d0       0x44 ./system/src/newlib/syscalls.o
                0x080011d0                _swistat
 .text._fstat   0x08001214       0x1a ./system/src/newlib/syscalls.o
                0x08001214                _fstat
 .text._isatty  0x0800122e       0x36 ./system/src/newlib/syscalls.o
                0x0800122e                _isatty
 .text._trace_write_semihosting_debug
                0x08001264       0x62 ./system/src/diag/trace-impl.o
 .text.trace_write
                0x080012c6        0x8 ./system/src/diag/trace-impl.o
                0x080012c6                trace_write
 *fill*         0x080012ce        0x2 
 .text.trace_printf
                0x080012d0       0x34 ./system/src/diag/trace.o
                0x080012d0                trace_printf
 .text.__NVIC_SystemReset
                0x08001304       0x24 ./system/src/cortexm/exception-handlers.o
 .text.dumpExceptionStack
                0x08001328       0xf4 ./system/src/cortexm/exception-handlers.o
                0x08001328                dumpExceptionStack
 .text.isSemihosting
                0x0800141c       0xe0 ./system/src/cortexm/exception-handlers.o
                0x0800141c                isSemihosting
 .text.__initialize_hardware_early
                0x080014fc       0x18 ./system/src/cortexm/initialize-hardware.o
                0x080014fc                __initialize_hardware_early
 .text.SystemInit
                0x08001514       0x10 ./system/src/cmsis/system_stm32f4xx.o
                0x08001514                SystemInit
 .text.SystemCoreClockUpdate
                0x08001524       0xa0 ./system/src/cmsis/system_stm32f4xx.o
                0x08001524                SystemCoreClockUpdate
 .text.SystemClock_Config
                0x080015c4       0xa0 ./src/initialize-hardware.o
                0x080015c4                SystemClock_Config
 .text.__initialize_hardware
                0x08001664       0x10 ./src/initialize-hardware.o
                0x08001664                __initialize_hardware
 .text.assert_failed
                0x08001674       0x14 ./src/initialize-hardware.o
                0x08001674                assert_failed
 .text.readTemperature
                0x08001688       0x38 ./src/main.o
                0x08001688                readTemperature
 .text.main     0x080016c0       0x38 ./src/main.o
                0x080016c0                main
 .text.HAL_MspInit
                0x080016f8        0x2 ./src/stm32f4xx_hal_msp.o
                0x080016f8                HAL_MspInit
 *fill*         0x080016fa        0x2 
 .text          0x080016fc      0x378 /home/phong/.local/xPacks/@xpack-dev-tools/arm-none-eabi-gcc/12.3.1-1.2.1/.content/bin/../lib/gcc/arm-none-eabi/12.3.1/thumb/v7e-m/nofp/libgcc.a(_arm_addsubdf3.o)
                0x080016fc                __aeabi_drsub
                0x08001704                __aeabi_dsub
                0x08001704                __subdf3
                0x08001708                __adddf3
                0x08001708                __aeabi_dadd
                0x08001980                __aeabi_ui2d
                0x08001980                __floatunsidf
                0x080019a0                __floatsidf
                0x080019a0                __aeabi_i2d
                0x080019c4                __extendsfdf2
                0x080019c4                __aeabi_f2d
                0x08001a08                __aeabi_ul2d
                0x08001a08                __floatundidf
                0x08001a18                __floatdidf
                0x08001a18                __aeabi_l2d
 .text          0x08001a74      0x424 /home/phong/.local/xPacks/@xpack-dev-tools/arm-none-eabi-gcc/12.3.1-1.2.1/.content/bin/../lib/gcc/arm-none-eabi/12.3.1/thumb/v7e-m/nofp/libgcc.a(_arm_muldivdf3.o)
                0x08001a74                __aeabi_dmul
                0x08001a74                __muldf3
                0x08001cc8                __aeabi_ddiv
                0x08001cc8                __divdf3
 .text          0x08001e98       0xa0 /home/phong/.local/xPacks/@xpack-dev-tools/arm-none-eabi-gcc/12.3.1-1.2.1/.content/bin/../lib/gcc/arm-none-eabi/12.3.1/thumb/v7e-m/nofp/libgcc.a(_arm_truncdfsf2.o)
                0x08001e98                __aeabi_d2f
                0x08001e98                __truncdfsf2
 .text          0x08001f38       0x30 /home/phong/.local/xPacks/@xpack-dev-tools/arm-none-eabi-gcc/12.3.1-1.2.1/.content/bin/../lib/gcc/arm-none-eabi/12.3.1/thumb/v7e-m/nofp/libgcc.a(_aeabi_uldivmod.o)
                0x08001f38                __aeabi_uldivmod
 .text.__udivmoddi4
                0x08001f68      0x2bc /home/phong/.local/xPacks/@xpack-dev-tools/arm-none-eabi-gcc/12.3.1-1.2.1/.content/bin/../lib/gcc/arm-none-eabi/12.3.1/thumb/v7e-m/nofp/libgcc.a(_udivmoddi4.o)
                0x08001f68                __udivmoddi4
 .text          0x08002224        0x4 /home/phong/.local/xPacks/@xpack-dev-tools/arm-none-eabi-gcc/12.3.1-1.2.1/.content/bin/../lib/gcc/arm-none-eabi/12.3.1/thumb/v7e-m/nofp/libgcc.a(_dvmd_tls.o)
                0x08002224                __aeabi_ldiv0
                0x08002224                __aeabi_idiv0
 .text.atoi     0x08002228        0x8 /home/phong/.local/xPacks/@xpack-dev-tools/arm-none-eabi-gcc/12.3.1-1.2.1/.content/bin/../lib/gcc/arm-none-eabi/12.3.1/../../../../arm-none-eabi/lib/thumb/v7e-m/nofp/libg_nano.a(libc_a-atoi.o)
                0x08002228                atoi
 .text._strtol_l.constprop.0
                0x08002230       0xfc /home/phong/.local/xPacks/@xpack-dev-tools/arm-none-eabi-gcc/12.3.1-1.2.1/.content/bin/../lib/gcc/arm-none-eabi/12.3.1/../../../../arm-none-eabi/lib/thumb/v7e-m/nofp/libg_nano.a(libc_a-strtol.o)
 .text.strtol   0x0800232c       0x14 /home/phong/.local/xPacks/@xpack-dev-tools/arm-none-eabi-gcc/12.3.1-1.2.1/.content/bin/../lib/gcc/arm-none-eabi/12.3.1/../../../../arm-none-eabi/lib/thumb/v7e-m/nofp/libg_nano.a(libc_a-strtol.o)
                0x0800232c                strtol
 .text.printf   0x08002340       0x24 /home/phong/.local/xPacks/@xpack-dev-tools/arm-none-eabi-gcc/12.3.1-1.2.1/.content/bin/../lib/gcc/arm-none-eabi/12.3.1/../../../../arm-none-eabi/lib/thumb/v7e-m/nofp/libg_nano.a(libc_a-printf.o)
                0x08002340                printf
                0x08002340                iprintf
 .text._vsnprintf_r
                0x08002364       0x56 /home/phong/.local/xPacks/@xpack-dev-tools/arm-none-eabi-gcc/12.3.1-1.2.1/.content/bin/../lib/gcc/arm-none-eabi/12.3.1/../../../../arm-none-eabi/lib/thumb/v7e-m/nofp/libg_nano.a(libc_a-vsnprintf.o)
                0x08002364                _vsnprintf_r
                0x08002364                _vsniprintf_r
 *fill*         0x080023ba        0x2 
 .text.vsnprintf
                0x080023bc       0x1c /home/phong/.local/xPacks/@xpack-dev-tools/arm-none-eabi-gcc/12.3.1-1.2.1/.content/bin/../lib/gcc/arm-none-eabi/12.3.1/../../../../arm-none-eabi/lib/thumb/v7e-m/nofp/libg_nano.a(libc_a-vsnprintf.o)
                0x080023bc                vsnprintf
                0x080023bc                vsniprintf
 .text.memset   0x080023d8       0x10 /home/phong/.local/xPacks/@xpack-dev-tools/arm-none-eabi-gcc/12.3.1-1.2.1/.content/bin/../lib/gcc/arm-none-eabi/12.3.1/../../../../arm-none-eabi/lib/thumb/v7e-m/nofp/libg_nano.a(libc_a-memset.o)
                0x080023d8                memset
 .text.__errno  0x080023e8        0xc /home/phong/.local/xPacks/@xpack-dev-tools/arm-none-eabi-gcc/12.3.1-1.2.1/.content/bin/../lib/gcc/arm-none-eabi/12.3.1/../../../../arm-none-eabi/lib/thumb/v7e-m/nofp/libg_nano.a(libc_a-errno.o)
                0x080023e8                __errno
 .text          0x080023f4       0x14 /home/phong/.local/xPacks/@xpack-dev-tools/arm-none-eabi-gcc/12.3.1-1.2.1/.content/bin/../lib/gcc/arm-none-eabi/12.3.1/../../../../arm-none-eabi/lib/thumb/v7e-m/nofp/libg_nano.a(libc_a-strcmp.o)
                0x080023f4                strcmp
 .text.__ssputs_r
                0x08002408       0xb6 /home/phong/.local/xPacks/@xpack-dev-tools/arm-none-eabi-gcc/12.3.1-1.2.1/.content/bin/../lib/gcc/arm-none-eabi/12.3.1/../../../../arm-none-eabi/lib/thumb/v7e-m/nofp/libg_nano.a(libc_a-nano-svfprintf.o)
                0x08002408                __ssputs_r
 *fill*         0x080024be        0x2 
 .text._svfprintf_r
                0x080024c0      0x1f8 /home/phong/.local/xPacks/@xpack-dev-tools/arm-none-eabi-gcc/12.3.1-1.2.1/.content/bin/../lib/gcc/arm-none-eabi/12.3.1/../../../../arm-none-eabi/lib/thumb/v7e-m/nofp/libg_nano.a(libc_a-nano-svfprintf.o)
                0x080024c0                _svfprintf_r
                0x080024c0                _svfiprintf_r
 .text.__sfputc_r
                0x080026b8       0x2a /home/phong/.local/xPacks/@xpack-dev-tools/arm-none-eabi-gcc/12.3.1-1.2.1/.content/bin/../lib/gcc/arm-none-eabi/12.3.1/../../../../arm-none-eabi/lib/thumb/v7e-m/nofp/libg_nano.a(libc_a-nano-vfprintf.o)
 .text.__sfputs_r
                0x080026e2       0x24 /home/phong/.local/xPacks/@xpack-dev-tools/arm-none-eabi-gcc/12.3.1-1.2.1/.content/bin/../lib/gcc/arm-none-eabi/12.3.1/../../../../arm-none-eabi/lib/thumb/v7e-m/nofp/libg_nano.a(libc_a-nano-vfprintf.o)
                0x080026e2                __sfputs_r
 *fill*         0x08002706        0x2 
 .text._vfprintf_r
                0x08002708      0x230 /home/phong/.local/xPacks/@xpack-dev-tools/arm-none-eabi-gcc/12.3.1-1.2.1/.content/bin/../lib/gcc/arm-none-eabi/12.3.1/../../../../arm-none-eabi/lib/thumb/v7e-m/nofp/libg_nano.a(libc_a-nano-vfprintf.o)
                0x08002708                _vfiprintf_r
                0x08002708                _vfprintf_r
 .text._printf_common
                0x08002938       0xda /home/phong/.local/xPacks/@xpack-dev-tools/arm-none-eabi-gcc/12.3.1-1.2.1/.content/bin/../lib/gcc/arm-none-eabi/12.3.1/../../../../arm-none-eabi/lib/thumb/v7e-m/nofp/libg_nano.a(libc_a-nano-vfprintf_i.o)
                0x08002938                _printf_common
 *fill*         0x08002a12        0x2 
 .text._printf_i
                0x08002a14      0x258 /home/phong/.local/xPacks/@xpack-dev-tools/arm-none-eabi-gcc/12.3.1-1.2.1/.content/bin/../lib/gcc/arm-none-eabi/12.3.1/../../../../arm-none-eabi/lib/thumb/v7e-m/nofp/libg_nano.a(libc_a-nano-vfprintf_i.o)
                0x08002a14                _printf_i
 .text.std      0x08002c6c       0x6c /home/phong/.local/xPacks/@xpack-dev-tools/arm-none-eabi-gcc/12.3.1-1.2.1/.content/bin/../lib/gcc/arm-none-eabi/12.3.1/../../../../arm-none-eabi/lib/thumb/v7e-m/nofp/libg_nano.a(libc_a-findfp.o)
 .text.stdio_exit_handler
                0x08002cd8       0x18 /home/phong/.local/xPacks/@xpack-dev-tools/arm-none-eabi-gcc/12.3.1-1.2.1/.content/bin/../lib/gcc/arm-none-eabi/12.3.1/../../../../arm-none-eabi/lib/thumb/v7e-m/nofp/libg_nano.a(libc_a-findfp.o)
 .text.cleanup_stdio
                0x08002cf0       0x40 /home/phong/.local/xPacks/@xpack-dev-tools/arm-none-eabi-gcc/12.3.1-1.2.1/.content/bin/../lib/gcc/arm-none-eabi/12.3.1/../../../../arm-none-eabi/lib/thumb/v7e-m/nofp/libg_nano.a(libc_a-findfp.o)
 .text.global_stdio_init.part.0
                0x08002d30       0x3c /home/phong/.local/xPacks/@xpack-dev-tools/arm-none-eabi-gcc/12.3.1-1.2.1/.content/bin/../lib/gcc/arm-none-eabi/12.3.1/../../../../arm-none-eabi/lib/thumb/v7e-m/nofp/libg_nano.a(libc_a-findfp.o)
 .text.__sfp_lock_acquire
                0x08002d6c        0xc /home/phong/.local/xPacks/@xpack-dev-tools/arm-none-eabi-gcc/12.3.1-1.2.1/.content/bin/../lib/gcc/arm-none-eabi/12.3.1/../../../../arm-none-eabi/lib/thumb/v7e-m/nofp/libg_nano.a(libc_a-findfp.o)
                0x08002d6c                __sfp_lock_acquire
 .text.__sfp_lock_release
                0x08002d78        0xc /home/phong/.local/xPacks/@xpack-dev-tools/arm-none-eabi-gcc/12.3.1-1.2.1/.content/bin/../lib/gcc/arm-none-eabi/12.3.1/../../../../arm-none-eabi/lib/thumb/v7e-m/nofp/libg_nano.a(libc_a-findfp.o)
                0x08002d78                __sfp_lock_release
 .text.__sinit  0x08002d84       0x30 /home/phong/.local/xPacks/@xpack-dev-tools/arm-none-eabi-gcc/12.3.1-1.2.1/.content/bin/../lib/gcc/arm-none-eabi/12.3.1/../../../../arm-none-eabi/lib/thumb/v7e-m/nofp/libg_nano.a(libc_a-findfp.o)
                0x08002d84                __sinit
 .text._fwalk_sglue
                0x08002db4       0x3c /home/phong/.local/xPacks/@xpack-dev-tools/arm-none-eabi-gcc/12.3.1-1.2.1/.content/bin/../lib/gcc/arm-none-eabi/12.3.1/../../../../arm-none-eabi/lib/thumb/v7e-m/nofp/libg_nano.a(libc_a-fwalk.o)
                0x08002db4                _fwalk_sglue
 .text.__sread  0x08002df0       0x22 /home/phong/.local/xPacks/@xpack-dev-tools/arm-none-eabi-gcc/12.3.1-1.2.1/.content/bin/../lib/gcc/arm-none-eabi/12.3.1/../../../../arm-none-eabi/lib/thumb/v7e-m/nofp/libg_nano.a(libc_a-stdio.o)
                0x08002df0                __sread
 .text.__swrite
                0x08002e12       0x38 /home/phong/.local/xPacks/@xpack-dev-tools/arm-none-eabi-gcc/12.3.1-1.2.1/.content/bin/../lib/gcc/arm-none-eabi/12.3.1/../../../../arm-none-eabi/lib/thumb/v7e-m/nofp/libg_nano.a(libc_a-stdio.o)
                0x08002e12                __swrite
 .text.__sseek  0x08002e4a       0x24 /home/phong/.local/xPacks/@xpack-dev-tools/arm-none-eabi-gcc/12.3.1-1.2.1/.content/bin/../lib/gcc/arm-none-eabi/12.3.1/../../../../arm-none-eabi/lib/thumb/v7e-m/nofp/libg_nano.a(libc_a-stdio.o)
                0x08002e4a                __sseek
 .text.__sclose
                0x08002e6e        0x8 /home/phong/.local/xPacks/@xpack-dev-tools/arm-none-eabi-gcc/12.3.1-1.2.1/.content/bin/../lib/gcc/arm-none-eabi/12.3.1/../../../../arm-none-eabi/lib/thumb/v7e-m/nofp/libg_nano.a(libc_a-stdio.o)
                0x08002e6e                __sclose
 .text.__swbuf_r
                0x08002e76       0x7c /home/phong/.local/xPacks/@xpack-dev-tools/arm-none-eabi-gcc/12.3.1-1.2.1/.content/bin/../lib/gcc/arm-none-eabi/12.3.1/../../../../arm-none-eabi/lib/thumb/v7e-m/nofp/libg_nano.a(libc_a-wbuf.o)
                0x08002e76                __swbuf_r
 *fill*         0x08002ef2        0x2 
 .text.__swsetup_r
                0x08002ef4       0xac /home/phong/.local/xPacks/@xpack-dev-tools/arm-none-eabi-gcc/12.3.1-1.2.1/.content/bin/../lib/gcc/arm-none-eabi/12.3.1/../../../../arm-none-eabi/lib/thumb/v7e-m/nofp/libg_nano.a(libc_a-wsetup.o)
                0x08002ef4                __swsetup_r
 .text.memmove  0x08002fa0       0x34 /home/phong/.local/xPacks/@xpack-dev-tools/arm-none-eabi-gcc/12.3.1-1.2.1/.content/bin/../lib/gcc/arm-none-eabi/12.3.1/../../../../arm-none-eabi/lib/thumb/v7e-m/nofp/libg_nano.a(libc_a-memmove.o)
                0x08002fa0                memmove
 .text._close_r
                0x08002fd4       0x20 /home/phong/.local/xPacks/@xpack-dev-tools/arm-none-eabi-gcc/12.3.1-1.2.1/.content/bin/../lib/gcc/arm-none-eabi/12.3.1/../../../../arm-none-eabi/lib/thumb/v7e-m/nofp/libg_nano.a(libc_a-closer.o)
                0x08002fd4                _close_r
 .text._lseek_r
                0x08002ff4       0x24 /home/phong/.local/xPacks/@xpack-dev-tools/arm-none-eabi-gcc/12.3.1-1.2.1/.content/bin/../lib/gcc/arm-none-eabi/12.3.1/../../../../arm-none-eabi/lib/thumb/v7e-m/nofp/libg_nano.a(libc_a-lseekr.o)
                0x08002ff4                _lseek_r
 .text._read_r  0x08003018       0x24 /home/phong/.local/xPacks/@xpack-dev-tools/arm-none-eabi-gcc/12.3.1-1.2.1/.content/bin/../lib/gcc/arm-none-eabi/12.3.1/../../../../arm-none-eabi/lib/thumb/v7e-m/nofp/libg_nano.a(libc_a-readr.o)
                0x08003018                _read_r
 .text._write_r
                0x0800303c       0x24 /home/phong/.local/xPacks/@xpack-dev-tools/arm-none-eabi-gcc/12.3.1-1.2.1/.content/bin/../lib/gcc/arm-none-eabi/12.3.1/../../../../arm-none-eabi/lib/thumb/v7e-m/nofp/libg_nano.a(libc_a-writer.o)
                0x0800303c                _write_r
 .text.__retarget_lock_init_recursive
                0x08003060        0x2 /home/phong/.local/xPacks/@xpack-dev-tools/arm-none-eabi-gcc/12.3.1-1.2.1/.content/bin/../lib/gcc/arm-none-eabi/12.3.1/../../../../arm-none-eabi/lib/thumb/v7e-m/nofp/libg_nano.a(libc_a-lock.o)
                0x08003060                __retarget_lock_init_recursive
 .text.__retarget_lock_acquire_recursive
                0x08003062        0x2 /home/phong/.local/xPacks/@xpack-dev-tools/arm-none-eabi-gcc/12.3.1-1.2.1/.content/bin/../lib/gcc/arm-none-eabi/12.3.1/../../../../arm-none-eabi/lib/thumb/v7e-m/nofp/libg_nano.a(libc_a-lock.o)
                0x08003062                __retarget_lock_acquire_recursive
 .text.__retarget_lock_release_recursive
                0x08003064        0x2 /home/phong/.local/xPacks/@xpack-dev-tools/arm-none-eabi-gcc/12.3.1-1.2.1/.content/bin/../lib/gcc/arm-none-eabi/12.3.1/../../../../arm-none-eabi/lib/thumb/v7e-m/nofp/libg_nano.a(libc_a-lock.o)
                0x08003064                __retarget_lock_release_recursive
 *fill*         0x08003066        0xa 
 .text          0x08003070       0xa0 /home/phong/.local/xPacks/@xpack-dev-tools/arm-none-eabi-gcc/12.3.1-1.2.1/.content/bin/../lib/gcc/arm-none-eabi/12.3.1/../../../../arm-none-eabi/lib/thumb/v7e-m/nofp/libg_nano.a(libc_a-memchr.o)
                0x08003070                memchr
 .text.memcpy   0x08003110       0x1c /home/phong/.local/xPacks/@xpack-dev-tools/arm-none-eabi-gcc/12.3.1-1.2.1/.content/bin/../lib/gcc/arm-none-eabi/12.3.1/../../../../arm-none-eabi/lib/thumb/v7e-m/nofp/libg_nano.a(libc_a-memcpy-stub.o)
                0x08003110                memcpy
 .text._free_r  0x0800312c       0x94 /home/phong/.local/xPacks/@xpack-dev-tools/arm-none-eabi-gcc/12.3.1-1.2.1/.content/bin/../lib/gcc/arm-none-eabi/12.3.1/../../../../arm-none-eabi/lib/thumb/v7e-m/nofp/libg_nano.a(libc_a-freer.o)
                0x0800312c                _free_r
 .text.sbrk_aligned
                0x080031c0       0x44 /home/phong/.local/xPacks/@xpack-dev-tools/arm-none-eabi-gcc/12.3.1-1.2.1/.content/bin/../lib/gcc/arm-none-eabi/12.3.1/../../../../arm-none-eabi/lib/thumb/v7e-m/nofp/libg_nano.a(libc_a-mallocr.o)
 .text._malloc_r
                0x08003204      0x100 /home/phong/.local/xPacks/@xpack-dev-tools/arm-none-eabi-gcc/12.3.1-1.2.1/.content/bin/../lib/gcc/arm-none-eabi/12.3.1/../../../../arm-none-eabi/lib/thumb/v7e-m/nofp/libg_nano.a(libc_a-mallocr.o)
                0x08003204                _malloc_r
 .text.__malloc_lock
                0x08003304        0xc /home/phong/.local/xPacks/@xpack-dev-tools/arm-none-eabi-gcc/12.3.1-1.2.1/.content/bin/../lib/gcc/arm-none-eabi/12.3.1/../../../../arm-none-eabi/lib/thumb/v7e-m/nofp/libg_nano.a(libc_a-mlock.o)
                0x08003304                __malloc_lock
 .text.__malloc_unlock
                0x08003310        0xc /home/phong/.local/xPacks/@xpack-dev-tools/arm-none-eabi-gcc/12.3.1-1.2.1/.content/bin/../lib/gcc/arm-none-eabi/12.3.1/../../../../arm-none-eabi/lib/thumb/v7e-m/nofp/libg_nano.a(libc_a-mlock.o)
                0x08003310                __malloc_unlock
 .text._realloc_r
                0x0800331c       0x5c /home/phong/.local/xPacks/@xpack-dev-tools/arm-none-eabi-gcc/12.3.1-1.2.1/.content/bin/../lib/gcc/arm-none-eabi/12.3.1/../../../../arm-none-eabi/lib/thumb/v7e-m/nofp/libg_nano.a(libc_a-reallocr.o)
                0x0800331c                _realloc_r
 .text.__sflush_r
                0x08003378      0x100 /home/phong/.local/xPacks/@xpack-dev-tools/arm-none-eabi-gcc/12.3.1-1.2.1/.content/bin/../lib/gcc/arm-none-eabi/12.3.1/../../../../arm-none-eabi/lib/thumb/v7e-m/nofp/libg_nano.a(libc_a-fflush.o)
                0x08003378                __sflush_r
 .text._fflush_r
                0x08003478       0x50 /home/phong/.local/xPacks/@xpack-dev-tools/arm-none-eabi-gcc/12.3.1-1.2.1/.content/bin/../lib/gcc/arm-none-eabi/12.3.1/../../../../arm-none-eabi/lib/thumb/v7e-m/nofp/libg_nano.a(libc_a-fflush.o)
                0x08003478                _fflush_r
 .text.__swhatbuf_r
                0x080034c8       0x4c /home/phong/.local/xPacks/@xpack-dev-tools/arm-none-eabi-gcc/12.3.1-1.2.1/.content/bin/../lib/gcc/arm-none-eabi/12.3.1/../../../../arm-none-eabi/lib/thumb/v7e-m/nofp/libg_nano.a(libc_a-makebuf.o)
                0x080034c8                __swhatbuf_r
 .text.__smakebuf_r
                0x08003514       0x78 /home/phong/.local/xPacks/@xpack-dev-tools/arm-none-eabi-gcc/12.3.1-1.2.1/.content/bin/../lib/gcc/arm-none-eabi/12.3.1/../../../../arm-none-eabi/lib/thumb/v7e-m/nofp/libg_nano.a(libc_a-makebuf.o)
                0x08003514                __smakebuf_r
 .text._fstat_r
                0x0800358c       0x24 /home/phong/.local/xPacks/@xpack-dev-tools/arm-none-eabi-gcc/12.3.1-1.2.1/.content/bin/../lib/gcc/arm-none-eabi/12.3.1/../../../../arm-none-eabi/lib/thumb/v7e-m/nofp/libg_nano.a(libc_a-fstatr.o)
                0x0800358c                _fstat_r
 .text._isatty_r
                0x080035b0       0x20 /home/phong/.local/xPacks/@xpack-dev-tools/arm-none-eabi-gcc/12.3.1-1.2.1/.content/bin/../lib/gcc/arm-none-eabi/12.3.1/../../../../arm-none-eabi/lib/thumb/v7e-m/nofp/libg_nano.a(libc_a-isattyr.o)
                0x080035b0                _isatty_r
 .text._sbrk_r  0x080035d0       0x20 /home/phong/.local/xPacks/@xpack-dev-tools/arm-none-eabi-gcc/12.3.1-1.2.1/.content/bin/../lib/gcc/arm-none-eabi/12.3.1/../../../../arm-none-eabi/lib/thumb/v7e-m/nofp/libg_nano.a(libc_a-sbrkr.o)
                0x080035d0                _sbrk_r
 .text._malloc_usable_size_r
                0x080035f0       0x10 /home/phong/.local/xPacks/@xpack-dev-tools/arm-none-eabi-gcc/12.3.1-1.2.1/.content/bin/../lib/gcc/arm-none-eabi/12.3.1/../../../../arm-none-eabi/lib/thumb/v7e-m/nofp/libg_nano.a(libc_a-msizer.o)
                0x080035f0                _malloc_usable_size_r
 *(.rodata .rodata.* .constdata .constdata.*)
 .rodata.HAL_NVIC_SetPriorityGrouping.str1.4
                0x08003600       0x31 ./system/src/stm32f4-hal/stm32f4xx_hal_cortex.o
 *fill*         0x08003631        0x3 
 .rodata.HAL_RCC_OscConfig.str1.4
                0x08003634       0x2e ./system/src/stm32f4-hal/stm32f4xx_hal_rcc.o
 *fill*         0x08003662        0x2 
 .rodata.initialise_monitor_handles.str1.4
                0x08003664        0x4 ./system/src/newlib/syscalls.o
 .rodata.dumpExceptionStack.str1.4
                0x08003668      0x11a ./system/src/cortexm/exception-handlers.o
 .rodata.isSemihosting.str1.4
                0x08003782        0x4 ./system/src/cortexm/exception-handlers.o
 *fill*         0x08003782        0x2 
 .rodata.str1.4
                0x08003784       0x2a ./system/src/cortexm/exception-handlers.o
 *fill*         0x080037ae        0x2 
 .rodata.AHBPrescTable
                0x080037b0       0x10 ./system/src/cmsis/system_stm32f4xx.o
                0x080037b0                AHBPrescTable
 .rodata.assert_failed.str1.4
                0x080037c0       0x2d ./src/initialize-hardware.o
 *fill*         0x080037ed        0x3 
 .rodata.main.str1.4
                0x080037f0       0x2e ./src/main.o
 .rodata._ctype_
                0x0800381e      0x101 /home/phong/.local/xPacks/@xpack-dev-tools/arm-none-eabi-gcc/12.3.1-1.2.1/.content/bin/../lib/gcc/arm-none-eabi/12.3.1/../../../../arm-none-eabi/lib/thumb/v7e-m/nofp/libg_nano.a(libc_a-ctype_.o)
                0x0800381e                _ctype_
 .rodata._svfprintf_r.str1.1
                0x0800391f       0x11 /home/phong/.local/xPacks/@xpack-dev-tools/arm-none-eabi-gcc/12.3.1-1.2.1/.content/bin/../lib/gcc/arm-none-eabi/12.3.1/../../../../arm-none-eabi/lib/thumb/v7e-m/nofp/libg_nano.a(libc_a-nano-svfprintf.o)
 .rodata._vfprintf_r.str1.1
                0x08003930       0x11 /home/phong/.local/xPacks/@xpack-dev-tools/arm-none-eabi-gcc/12.3.1-1.2.1/.content/bin/../lib/gcc/arm-none-eabi/12.3.1/../../../../arm-none-eabi/lib/thumb/v7e-m/nofp/libg_nano.a(libc_a-nano-vfprintf.o)
 .rodata._printf_i.str1.1
                0x08003930       0x22 /home/phong/.local/xPacks/@xpack-dev-tools/arm-none-eabi-gcc/12.3.1-1.2.1/.content/bin/../lib/gcc/arm-none-eabi/12.3.1/../../../../arm-none-eabi/lib/thumb/v7e-m/nofp/libg_nano.a(libc_a-nano-vfprintf_i.o)
 *(vtable)
 *(.eh_frame*)
 *fill*         0x08003952        0x2 
 .eh_frame      0x08003954       0x28 /home/phong/.local/xPacks/@xpack-dev-tools/arm-none-eabi-gcc/12.3.1-1.2.1/.content/bin/../lib/gcc/arm-none-eabi/12.3.1/../../../../arm-none-eabi/lib/thumb/v7e-m/nofp/libg_nano.a(libc_a-strlen.o)
 .eh_frame      0x0800397c       0x50 /home/phong/.local/xPacks/@xpack-dev-tools/arm-none-eabi-gcc/12.3.1-1.2.1/.content/bin/../lib/gcc/arm-none-eabi/12.3.1/../../../../arm-none-eabi/lib/thumb/v7e-m/nofp/libg_nano.a(libc_a-memchr.o)
 *(.glue_7)
 .glue_7        0x080039cc        0x0 linker stubs
 *(.glue_7t)
 .glue_7t       0x080039cc        0x0 linker stubs

.vfp11_veneer   0x080039cc        0x0
 .vfp11_veneer  0x080039cc        0x0 linker stubs

.v4_bx          0x080039cc        0x0
 .v4_bx         0x080039cc        0x0 linker stubs

.iplt           0x080039cc        0x0
 .iplt          0x080039cc        0x0 ./system/src/stm32f4-hal/stm32f4xx_hal.o

.ARM.extab
 *(.ARM.extab* .gnu.linkonce.armextab.*)
                0x080039cc                        . = ALIGN (0x4)
                0x080039cc                        __exidx_start = .

.ARM.exidx      0x080039cc        0x8
 *(.ARM.exidx* .gnu.linkonce.armexidx.*)
 .ARM.exidx.text.__udivmoddi4
                0x080039cc        0x8 /home/phong/.local/xPacks/@xpack-dev-tools/arm-none-eabi-gcc/12.3.1-1.2.1/.content/bin/../lib/gcc/arm-none-eabi/12.3.1/thumb/v7e-m/nofp/libgcc.a(_udivmoddi4.o)
 .ARM.exidx     0x080039d4        0x0 /home/phong/.local/xPacks/@xpack-dev-tools/arm-none-eabi-gcc/12.3.1-1.2.1/.content/bin/../lib/gcc/arm-none-eabi/12.3.1/../../../../arm-none-eabi/lib/thumb/v7e-m/nofp/libg_nano.a(libc_a-strcmp.o)
                                  0x8 (size before relaxing)
 .ARM.exidx     0x080039d4        0x0 /home/phong/.local/xPacks/@xpack-dev-tools/arm-none-eabi-gcc/12.3.1-1.2.1/.content/bin/../lib/gcc/arm-none-eabi/12.3.1/../../../../arm-none-eabi/lib/thumb/v7e-m/nofp/libg_nano.a(libc_a-memchr.o)
                                  0x8 (size before relaxing)
                0x080039d4                        __exidx_end = .

.rel.dyn        0x080039d4        0x0
 .rel.iplt      0x080039d4        0x0 ./system/src/stm32f4-hal/stm32f4xx_hal.o
                0x080039d4                        . = ALIGN (0x4)
                0x080039d4                        _etext = .
                0x080039d4                        __etext = .

.data_CCMRAM    0x10000000        0x0 load address 0x080039d4
 FILL mask 0xff
 *(.data.CCMRAM .data.CCMRAM.*)
                0x10000000                        . = ALIGN (0x4)
                0x080039d4                        _sidata = LOADADDR (.data)

.data           0x20000000       0x70 load address 0x080039d4
 FILL mask 0xff
                0x20000000                        _sdata = .
                0x20000000                        __data_start__ = .
 *(.data_begin .data_begin.*)
 .data_begin    0x20000000        0x4 ./system/src/newlib/startup.o
 *(.data .data.*)
 .data.uwTickFreq
                0x20000004        0x1 ./system/src/stm32f4-hal/stm32f4xx_hal.o
                0x20000004                uwTickFreq
 *fill*         0x20000005        0x3 ff
 .data.uwTickPrio
                0x20000008        0x4 ./system/src/stm32f4-hal/stm32f4xx_hal.o
                0x20000008                uwTickPrio
 .data.SystemCoreClock
                0x2000000c        0x4 ./system/src/cmsis/system_stm32f4xx.o
                0x2000000c                SystemCoreClock
 .data._impure_ptr
                0x20000010        0x4 /home/phong/.local/xPacks/@xpack-dev-tools/arm-none-eabi-gcc/12.3.1-1.2.1/.content/bin/../lib/gcc/arm-none-eabi/12.3.1/../../../../arm-none-eabi/lib/thumb/v7e-m/nofp/libg_nano.a(libc_a-impure.o)
                0x20000010                _impure_ptr
 .data._impure_data
                0x20000014       0x4c /home/phong/.local/xPacks/@xpack-dev-tools/arm-none-eabi-gcc/12.3.1-1.2.1/.content/bin/../lib/gcc/arm-none-eabi/12.3.1/../../../../arm-none-eabi/lib/thumb/v7e-m/nofp/libg_nano.a(libc_a-impure.o)
                0x20000014                _impure_data
 .data.__sglue  0x20000060        0xc /home/phong/.local/xPacks/@xpack-dev-tools/arm-none-eabi-gcc/12.3.1-1.2.1/.content/bin/../lib/gcc/arm-none-eabi/12.3.1/../../../../arm-none-eabi/lib/thumb/v7e-m/nofp/libg_nano.a(libc_a-findfp.o)
                0x20000060                __sglue
 *(.data_end .data_end.*)
 .data_end      0x2000006c        0x4 ./system/src/newlib/startup.o
                0x20000070                        . = ALIGN (0x4)
                0x20000070                        _edata = .
                0x20000070                        __data_end__ = .

.igot.plt       0x20000070        0x0 load address 0x08003a44
 .igot.plt      0x20000070        0x0 ./system/src/stm32f4-hal/stm32f4xx_hal.o

.bss_CCMRAM     0x10000000        0x0
 *(.bss.CCMRAM .bss.CCMRAM.*)

.bss            0x20000070      0x300
                0x20000070                        __bss_start__ = .
                0x20000070                        _sbss = .
 *(.bss_begin .bss_begin.*)
 .bss_begin     0x20000070        0x4 ./system/src/newlib/startup.o
 *(.bss .bss.*)
 .bss.uwTick    0x20000074        0x4 ./system/src/stm32f4-hal/stm32f4xx_hal.o
                0x20000074                uwTick
 .bss.current_heap_end.0
                0x20000078        0x4 ./system/src/newlib/sbrk.o
 .bss.argv_buf.0
                0x2000007c       0x28 ./system/src/newlib/syscalls.o
 .bss.args_buf.1
                0x200000a4       0x50 ./system/src/newlib/syscalls.o
 .bss.monitor_stderr
                0x200000f4        0x4 ./system/src/newlib/syscalls.o
 .bss.monitor_stdout
                0x200000f8        0x4 ./system/src/newlib/syscalls.o
 .bss.monitor_stdin
                0x200000fc        0x4 ./system/src/newlib/syscalls.o
 .bss.openfiles
                0x20000100       0xa0 ./system/src/newlib/syscalls.o
 .bss.errno     0x200001a0        0x4 ./system/src/newlib/syscalls.o
                0x200001a0                errno
 .bss.buf.0     0x200001a4       0x80 ./system/src/diag/trace.o
 .bss.__sf      0x20000224      0x138 /home/phong/.local/xPacks/@xpack-dev-tools/arm-none-eabi-gcc/12.3.1-1.2.1/.content/bin/../lib/gcc/arm-none-eabi/12.3.1/../../../../arm-none-eabi/lib/thumb/v7e-m/nofp/libg_nano.a(libc_a-findfp.o)
                0x20000224                __sf
 .bss.__stdio_exit_handler
                0x2000035c        0x4 /home/phong/.local/xPacks/@xpack-dev-tools/arm-none-eabi-gcc/12.3.1-1.2.1/.content/bin/../lib/gcc/arm-none-eabi/12.3.1/../../../../arm-none-eabi/lib/thumb/v7e-m/nofp/libg_nano.a(libc_a-findfp.o)
                0x2000035c                __stdio_exit_handler
 .bss.__lock___malloc_recursive_mutex
                0x20000360        0x1 /home/phong/.local/xPacks/@xpack-dev-tools/arm-none-eabi-gcc/12.3.1-1.2.1/.content/bin/../lib/gcc/arm-none-eabi/12.3.1/../../../../arm-none-eabi/lib/thumb/v7e-m/nofp/libg_nano.a(libc_a-lock.o)
                0x20000360                __lock___malloc_recursive_mutex
 .bss.__lock___sfp_recursive_mutex
                0x20000361        0x1 /home/phong/.local/xPacks/@xpack-dev-tools/arm-none-eabi-gcc/12.3.1-1.2.1/.content/bin/../lib/gcc/arm-none-eabi/12.3.1/../../../../arm-none-eabi/lib/thumb/v7e-m/nofp/libg_nano.a(libc_a-lock.o)
                0x20000361                __lock___sfp_recursive_mutex
 *fill*         0x20000362        0x2 
 .bss.__malloc_sbrk_start
                0x20000364        0x4 /home/phong/.local/xPacks/@xpack-dev-tools/arm-none-eabi-gcc/12.3.1-1.2.1/.content/bin/../lib/gcc/arm-none-eabi/12.3.1/../../../../arm-none-eabi/lib/thumb/v7e-m/nofp/libg_nano.a(libc_a-mallocr.o)
                0x20000364                __malloc_sbrk_start
 .bss.__malloc_free_list
                0x20000368        0x4 /home/phong/.local/xPacks/@xpack-dev-tools/arm-none-eabi-gcc/12.3.1-1.2.1/.content/bin/../lib/gcc/arm-none-eabi/12.3.1/../../../../arm-none-eabi/lib/thumb/v7e-m/nofp/libg_nano.a(libc_a-mallocr.o)
                0x20000368                __malloc_free_list
 *(COMMON)
 *(.bss_end .bss_end.*)
 .bss_end       0x2000036c        0x4 ./system/src/newlib/startup.o
                0x20000370                        . = ALIGN (0x4)
                0x20000370                        __bss_end__ = .
                0x20000370                        _ebss = .

.noinit_CCMRAM
 *(.noinit.CCMRAM .noinit.CCMRAM.*)

.noinit         0x20000370        0x0
                0x20000370                        _noinit = .
 *(.noinit .noinit.*)
                0x20000370                        . = ALIGN (0x4)
                0x20000370                        _end_noinit = .
                [!provide]                        PROVIDE (end = _end_noinit)
                [!provide]                        PROVIDE (_end = _end_noinit)
                [!provide]                        PROVIDE (__end = _end_noinit)
                [!provide]                        PROVIDE (__end__ = _end_noinit)

._check_stack   0x20000370      0x100
                0x20000470                        . = (. + _Minimum_Stack_Size)
 *fill*         0x20000370      0x100 

.b1text
 *(.b1text)
 *(.b1rodata)
 *(.b1rodata.*)

.eb0text
 *(.eb0text)
 *(.eb0rodata)
 *(.eb0rodata.*)

.eb1text
 *(.eb1text)
 *(.eb1rodata)
 *(.eb1rodata.*)

.eb2text
 *(.eb2text)
 *(.eb2rodata)
 *(.eb2rodata.*)

.eb3text
 *(.eb3text)
 *(.eb3rodata)
 *(.eb3rodata.*)

.stab
 *(.stab)

.stabstr
 *(.stabstr)

.stab.excl
 *(.stab.excl)

.stab.exclstr
 *(.stab.exclstr)

.stab.index
 *(.stab.index)

.stab.indexstr
 *(.stab.indexstr)

.comment        0x00000000       0x39
 *(.comment)
 .comment       0x00000000       0x39 ./system/src/stm32f4-hal/stm32f4xx_hal.o
                                 0x3a (size before relaxing)
 .comment       0x00000039       0x3a ./system/src/stm32f4-hal/stm32f4xx_hal_cortex.o
 .comment       0x00000039       0x3a ./system/src/stm32f4-hal/stm32f4xx_hal_rcc.o
 .comment       0x00000039       0x3a ./system/src/newlib/sbrk.o
 .comment       0x00000039       0x3a ./system/src/newlib/startup.o
 .comment       0x00000039       0x3a ./system/src/newlib/syscalls.o
 .comment       0x00000039       0x3a ./system/src/diag/trace-impl.o
 .comment       0x00000039       0x3a ./system/src/diag/trace.o
 .comment       0x00000039       0x3a ./system/src/cortexm/exception-handlers.o
 .comment       0x00000039       0x3a ./system/src/cortexm/initialize-hardware.o
 .comment       0x00000039       0x3a ./system/src/cmsis/system_stm32f4xx.o
 .comment       0x00000039       0x3a ./system/src/cmsis/vectors_stm32f407xx.o
 .comment       0x00000039       0x3a ./src/initialize-hardware.o
 .comment       0x00000039       0x3a ./src/main.o
 .comment       0x00000039       0x3a ./src/stm32f4xx_hal_msp.o
 .comment       0x00000039       0x3a /home/phong/.local/xPacks/@xpack-dev-tools/arm-none-eabi-gcc/12.3.1-1.2.1/.content/bin/../lib/gcc/arm-none-eabi/12.3.1/thumb/v7e-m/nofp/libgcc.a(_udivmoddi4.o)
 .comment       0x00000039       0x3a /home/phong/.local/xPacks/@xpack-dev-tools/arm-none-eabi-gcc/12.3.1-1.2.1/.content/bin/../lib/gcc/arm-none-eabi/12.3.1/../../../../arm-none-eabi/lib/thumb/v7e-m/nofp/libg_nano.a(libc_a-atoi.o)
 .comment       0x00000039       0x3a /home/phong/.local/xPacks/@xpack-dev-tools/arm-none-eabi-gcc/12.3.1-1.2.1/.content/bin/../lib/gcc/arm-none-eabi/12.3.1/../../../../arm-none-eabi/lib/thumb/v7e-m/nofp/libg_nano.a(libc_a-strtol.o)
 .comment       0x00000039       0x3a /home/phong/.local/xPacks/@xpack-dev-tools/arm-none-eabi-gcc/12.3.1-1.2.1/.content/bin/../lib/gcc/arm-none-eabi/12.3.1/../../../../arm-none-eabi/lib/thumb/v7e-m/nofp/libg_nano.a(libc_a-ctype_.o)
 .comment       0x00000039       0x3a /home/phong/.local/xPacks/@xpack-dev-tools/arm-none-eabi-gcc/12.3.1-1.2.1/.content/bin/../lib/gcc/arm-none-eabi/12.3.1/../../../../arm-none-eabi/lib/thumb/v7e-m/nofp/libg_nano.a(libc_a-printf.o)
 .comment       0x00000039       0x3a /home/phong/.local/xPacks/@xpack-dev-tools/arm-none-eabi-gcc/12.3.1-1.2.1/.content/bin/../lib/gcc/arm-none-eabi/12.3.1/../../../../arm-none-eabi/lib/thumb/v7e-m/nofp/libg_nano.a(libc_a-vsnprintf.o)
 .comment       0x00000039       0x3a /home/phong/.local/xPacks/@xpack-dev-tools/arm-none-eabi-gcc/12.3.1-1.2.1/.content/bin/../lib/gcc/arm-none-eabi/12.3.1/../../../../arm-none-eabi/lib/thumb/v7e-m/nofp/libg_nano.a(libc_a-memset.o)
 .comment       0x00000039       0x3a /home/phong/.local/xPacks/@xpack-dev-tools/arm-none-eabi-gcc/12.3.1-1.2.1/.content/bin/../lib/gcc/arm-none-eabi/12.3.1/../../../../arm-none-eabi/lib/thumb/v7e-m/nofp/libg_nano.a(libc_a-impure.o)
 .comment       0x00000039       0x3a /home/phong/.local/xPacks/@xpack-dev-tools/arm-none-eabi-gcc/12.3.1-1.2.1/.content/bin/../lib/gcc/arm-none-eabi/12.3.1/../../../../arm-none-eabi/lib/thumb/v7e-m/nofp/libg_nano.a(libc_a-errno.o)
 .comment       0x00000039       0x3a /home/phong/.local/xPacks/@xpack-dev-tools/arm-none-eabi-gcc/12.3.1-1.2.1/.content/bin/../lib/gcc/arm-none-eabi/12.3.1/../../../../arm-none-eabi/lib/thumb/v7e-m/nofp/libg_nano.a(libc_a-nano-svfprintf.o)
 .comment       0x00000039       0x3a /home/phong/.local/xPacks/@xpack-dev-tools/arm-none-eabi-gcc/12.3.1-1.2.1/.content/bin/../lib/gcc/arm-none-eabi/12.3.1/../../../../arm-none-eabi/lib/thumb/v7e-m/nofp/libg_nano.a(libc_a-nano-vfprintf.o)
 .comment       0x00000039       0x3a /home/phong/.local/xPacks/@xpack-dev-tools/arm-none-eabi-gcc/12.3.1-1.2.1/.content/bin/../lib/gcc/arm-none-eabi/12.3.1/../../../../arm-none-eabi/lib/thumb/v7e-m/nofp/libg_nano.a(libc_a-nano-vfprintf_i.o)
 .comment       0x00000039       0x3a /home/phong/.local/xPacks/@xpack-dev-tools/arm-none-eabi-gcc/12.3.1-1.2.1/.content/bin/../lib/gcc/arm-none-eabi/12.3.1/../../../../arm-none-eabi/lib/thumb/v7e-m/nofp/libg_nano.a(libc_a-findfp.o)
 .comment       0x00000039       0x3a /home/phong/.local/xPacks/@xpack-dev-tools/arm-none-eabi-gcc/12.3.1-1.2.1/.content/bin/../lib/gcc/arm-none-eabi/12.3.1/../../../../arm-none-eabi/lib/thumb/v7e-m/nofp/libg_nano.a(libc_a-fwalk.o)
 .comment       0x00000039       0x3a /home/phong/.local/xPacks/@xpack-dev-tools/arm-none-eabi-gcc/12.3.1-1.2.1/.content/bin/../lib/gcc/arm-none-eabi/12.3.1/../../../../arm-none-eabi/lib/thumb/v7e-m/nofp/libg_nano.a(libc_a-stdio.o)
 .comment       0x00000039       0x3a /home/phong/.local/xPacks/@xpack-dev-tools/arm-none-eabi-gcc/12.3.1-1.2.1/.content/bin/../lib/gcc/arm-none-eabi/12.3.1/../../../../arm-none-eabi/lib/thumb/v7e-m/nofp/libg_nano.a(libc_a-wbuf.o)
 .comment       0x00000039       0x3a /home/phong/.local/xPacks/@xpack-dev-tools/arm-none-eabi-gcc/12.3.1-1.2.1/.content/bin/../lib/gcc/arm-none-eabi/12.3.1/../../../../arm-none-eabi/lib/thumb/v7e-m/nofp/libg_nano.a(libc_a-wsetup.o)
 .comment       0x00000039       0x3a /home/phong/.local/xPacks/@xpack-dev-tools/arm-none-eabi-gcc/12.3.1-1.2.1/.content/bin/../lib/gcc/arm-none-eabi/12.3.1/../../../../arm-none-eabi/lib/thumb/v7e-m/nofp/libg_nano.a(libc_a-memmove.o)
 .comment       0x00000039       0x3a /home/phong/.local/xPacks/@xpack-dev-tools/arm-none-eabi-gcc/12.3.1-1.2.1/.content/bin/../lib/gcc/arm-none-eabi/12.3.1/../../../../arm-none-eabi/lib/thumb/v7e-m/nofp/libg_nano.a(libc_a-closer.o)
 .comment       0x00000039       0x3a /home/phong/.local/xPacks/@xpack-dev-tools/arm-none-eabi-gcc/12.3.1-1.2.1/.content/bin/../lib/gcc/arm-none-eabi/12.3.1/../../../../arm-none-eabi/lib/thumb/v7e-m/nofp/libg_nano.a(libc_a-lseekr.o)
 .comment       0x00000039       0x3a /home/phong/.local/xPacks/@xpack-dev-tools/arm-none-eabi-gcc/12.3.1-1.2.1/.content/bin/../lib/gcc/arm-none-eabi/12.3.1/../../../../arm-none-eabi/lib/thumb/v7e-m/nofp/libg_nano.a(libc_a-readr.o)
 .comment       0x00000039       0x3a /home/phong/.local/xPacks/@xpack-dev-tools/arm-none-eabi-gcc/12.3.1-1.2.1/.content/bin/../lib/gcc/arm-none-eabi/12.3.1/../../../../arm-none-eabi/lib/thumb/v7e-m/nofp/libg_nano.a(libc_a-writer.o)
 .comment       0x00000039       0x3a /home/phong/.local/xPacks/@xpack-dev-tools/arm-none-eabi-gcc/12.3.1-1.2.1/.content/bin/../lib/gcc/arm-none-eabi/12.3.1/../../../../arm-none-eabi/lib/thumb/v7e-m/nofp/libg_nano.a(libc_a-lock.o)
 .comment       0x00000039       0x3a /home/phong/.local/xPacks/@xpack-dev-tools/arm-none-eabi-gcc/12.3.1-1.2.1/.content/bin/../lib/gcc/arm-none-eabi/12.3.1/../../../../arm-none-eabi/lib/thumb/v7e-m/nofp/libg_nano.a(libc_a-memcpy-stub.o)
 .comment       0x00000039       0x3a /home/phong/.local/xPacks/@xpack-dev-tools/arm-none-eabi-gcc/12.3.1-1.2.1/.content/bin/../lib/gcc/arm-none-eabi/12.3.1/../../../../arm-none-eabi/lib/thumb/v7e-m/nofp/libg_nano.a(libc_a-freer.o)
 .comment       0x00000039       0x3a /home/phong/.local/xPacks/@xpack-dev-tools/arm-none-eabi-gcc/12.3.1-1.2.1/.content/bin/../lib/gcc/arm-none-eabi/12.3.1/../../../../arm-none-eabi/lib/thumb/v7e-m/nofp/libg_nano.a(libc_a-mallocr.o)
 .comment       0x00000039       0x3a /home/phong/.local/xPacks/@xpack-dev-tools/arm-none-eabi-gcc/12.3.1-1.2.1/.content/bin/../lib/gcc/arm-none-eabi/12.3.1/../../../../arm-none-eabi/lib/thumb/v7e-m/nofp/libg_nano.a(libc_a-mlock.o)
 .comment       0x00000039       0x3a /home/phong/.local/xPacks/@xpack-dev-tools/arm-none-eabi-gcc/12.3.1-1.2.1/.content/bin/../lib/gcc/arm-none-eabi/12.3.1/../../../../arm-none-eabi/lib/thumb/v7e-m/nofp/libg_nano.a(libc_a-reallocr.o)
 .comment       0x00000039       0x3a /home/phong/.local/xPacks/@xpack-dev-tools/arm-none-eabi-gcc/12.3.1-1.2.1/.content/bin/../lib/gcc/arm-none-eabi/12.3.1/../../../../arm-none-eabi/lib/thumb/v7e-m/nofp/libg_nano.a(libc_a-fflush.o)
 .comment       0x00000039       0x3a /home/phong/.local/xPacks/@xpack-dev-tools/arm-none-eabi-gcc/12.3.1-1.2.1/.content/bin/../lib/gcc/arm-none-eabi/12.3.1/../../../../arm-none-eabi/lib/thumb/v7e-m/nofp/libg_nano.a(libc_a-makebuf.o)
 .comment       0x00000039       0x3a /home/phong/.local/xPacks/@xpack-dev-tools/arm-none-eabi-gcc/12.3.1-1.2.1/.content/bin/../lib/gcc/arm-none-eabi/12.3.1/../../../../arm-none-eabi/lib/thumb/v7e-m/nofp/libg_nano.a(libc_a-fstatr.o)
 .comment       0x00000039       0x3a /home/phong/.local/xPacks/@xpack-dev-tools/arm-none-eabi-gcc/12.3.1-1.2.1/.content/bin/../lib/gcc/arm-none-eabi/12.3.1/../../../../arm-none-eabi/lib/thumb/v7e-m/nofp/libg_nano.a(libc_a-isattyr.o)
 .comment       0x00000039       0x3a /home/phong/.local/xPacks/@xpack-dev-tools/arm-none-eabi-gcc/12.3.1-1.2.1/.content/bin/../lib/gcc/arm-none-eabi/12.3.1/../../../../arm-none-eabi/lib/thumb/v7e-m/nofp/libg_nano.a(libc_a-sbrkr.o)
 .comment       0x00000039       0x3a /home/phong/.local/xPacks/@xpack-dev-tools/arm-none-eabi-gcc/12.3.1-1.2.1/.content/bin/../lib/gcc/arm-none-eabi/12.3.1/../../../../arm-none-eabi/lib/thumb/v7e-m/nofp/libg_nano.a(libc_a-msizer.o)

.ARM.attributes
                0x00000000       0x2c
 .ARM.attributes
                0x00000000       0x2e ./system/src/stm32f4-hal/stm32f4xx_hal.o
 .ARM.attributes
                0x0000002e       0x2e ./system/src/stm32f4-hal/stm32f4xx_hal_cortex.o
 .ARM.attributes
                0x0000005c       0x2e ./system/src/stm32f4-hal/stm32f4xx_hal_rcc.o
 .ARM.attributes
                0x0000008a       0x2e ./system/src/newlib/sbrk.o
 .ARM.attributes
                0x000000b8       0x2e ./system/src/newlib/startup.o
 .ARM.attributes
                0x000000e6       0x2e ./system/src/newlib/syscalls.o
 .ARM.attributes
                0x00000114       0x2e ./system/src/diag/trace-impl.o
 .ARM.attributes
                0x00000142       0x2e ./system/src/diag/trace.o
 .ARM.attributes
                0x00000170       0x2e ./system/src/cortexm/exception-handlers.o
 .ARM.attributes
                0x0000019e       0x2e ./system/src/cortexm/initialize-hardware.o
 .ARM.attributes
                0x000001cc       0x2e ./system/src/cmsis/system_stm32f4xx.o
 .ARM.attributes
                0x000001fa       0x2e ./system/src/cmsis/vectors_stm32f407xx.o
 .ARM.attributes
                0x00000228       0x2e ./src/initialize-hardware.o
 .ARM.attributes
                0x00000256       0x2e ./src/main.o
 .ARM.attributes
                0x00000284       0x2e ./src/stm32f4xx_hal_msp.o
 .ARM.attributes
                0x000002b2       0x1e /home/phong/.local/xPacks/@xpack-dev-tools/arm-none-eabi-gcc/12.3.1-1.2.1/.content/bin/../lib/gcc/arm-none-eabi/12.3.1/thumb/v7e-m/nofp/libgcc.a(_arm_addsubdf3.o)
 .ARM.attributes
                0x000002d0       0x1e /home/phong/.local/xPacks/@xpack-dev-tools/arm-none-eabi-gcc/12.3.1-1.2.1/.content/bin/../lib/gcc/arm-none-eabi/12.3.1/thumb/v7e-m/nofp/libgcc.a(_arm_muldivdf3.o)
 .ARM.attributes
                0x000002ee       0x1e /home/phong/.local/xPacks/@xpack-dev-tools/arm-none-eabi-gcc/12.3.1-1.2.1/.content/bin/../lib/gcc/arm-none-eabi/12.3.1/thumb/v7e-m/nofp/libgcc.a(_arm_truncdfsf2.o)
 .ARM.attributes
                0x0000030c       0x1e /home/phong/.local/xPacks/@xpack-dev-tools/arm-none-eabi-gcc/12.3.1-1.2.1/.content/bin/../lib/gcc/arm-none-eabi/12.3.1/thumb/v7e-m/nofp/libgcc.a(_aeabi_uldivmod.o)
 .ARM.attributes
                0x0000032a       0x2e /home/phong/.local/xPacks/@xpack-dev-tools/arm-none-eabi-gcc/12.3.1-1.2.1/.content/bin/../lib/gcc/arm-none-eabi/12.3.1/thumb/v7e-m/nofp/libgcc.a(_udivmoddi4.o)
 .ARM.attributes
                0x00000358       0x1e /home/phong/.local/xPacks/@xpack-dev-tools/arm-none-eabi-gcc/12.3.1-1.2.1/.content/bin/../lib/gcc/arm-none-eabi/12.3.1/thumb/v7e-m/nofp/libgcc.a(_dvmd_tls.o)
 .ARM.attributes
                0x00000376       0x2e /home/phong/.local/xPacks/@xpack-dev-tools/arm-none-eabi-gcc/12.3.1-1.2.1/.content/bin/../lib/gcc/arm-none-eabi/12.3.1/../../../../arm-none-eabi/lib/thumb/v7e-m/nofp/libg_nano.a(libc_a-atoi.o)
 .ARM.attributes
                0x000003a4       0x2e /home/phong/.local/xPacks/@xpack-dev-tools/arm-none-eabi-gcc/12.3.1-1.2.1/.content/bin/../lib/gcc/arm-none-eabi/12.3.1/../../../../arm-none-eabi/lib/thumb/v7e-m/nofp/libg_nano.a(libc_a-strtol.o)
 .ARM.attributes
                0x000003d2       0x2e /home/phong/.local/xPacks/@xpack-dev-tools/arm-none-eabi-gcc/12.3.1-1.2.1/.content/bin/../lib/gcc/arm-none-eabi/12.3.1/../../../../arm-none-eabi/lib/thumb/v7e-m/nofp/libg_nano.a(libc_a-ctype_.o)
 .ARM.attributes
                0x00000400       0x2e /home/phong/.local/xPacks/@xpack-dev-tools/arm-none-eabi-gcc/12.3.1-1.2.1/.content/bin/../lib/gcc/arm-none-eabi/12.3.1/../../../../arm-none-eabi/lib/thumb/v7e-m/nofp/libg_nano.a(libc_a-printf.o)
 .ARM.attributes
                0x0000042e       0x2e /home/phong/.local/xPacks/@xpack-dev-tools/arm-none-eabi-gcc/12.3.1-1.2.1/.content/bin/../lib/gcc/arm-none-eabi/12.3.1/../../../../arm-none-eabi/lib/thumb/v7e-m/nofp/libg_nano.a(libc_a-vsnprintf.o)
 .ARM.attributes
                0x0000045c       0x2e /home/phong/.local/xPacks/@xpack-dev-tools/arm-none-eabi-gcc/12.3.1-1.2.1/.content/bin/../lib/gcc/arm-none-eabi/12.3.1/../../../../arm-none-eabi/lib/thumb/v7e-m/nofp/libg_nano.a(libc_a-memset.o)
 .ARM.attributes
                0x0000048a       0x2e /home/phong/.local/xPacks/@xpack-dev-tools/arm-none-eabi-gcc/12.3.1-1.2.1/.content/bin/../lib/gcc/arm-none-eabi/12.3.1/../../../../arm-none-eabi/lib/thumb/v7e-m/nofp/libg_nano.a(libc_a-impure.o)
 .ARM.attributes
                0x000004b8       0x2e /home/phong/.local/xPacks/@xpack-dev-tools/arm-none-eabi-gcc/12.3.1-1.2.1/.content/bin/../lib/gcc/arm-none-eabi/12.3.1/../../../../arm-none-eabi/lib/thumb/v7e-m/nofp/libg_nano.a(libc_a-errno.o)
 .ARM.attributes
                0x000004e6       0x1c /home/phong/.local/xPacks/@xpack-dev-tools/arm-none-eabi-gcc/12.3.1-1.2.1/.content/bin/../lib/gcc/arm-none-eabi/12.3.1/../../../../arm-none-eabi/lib/thumb/v7e-m/nofp/libg_nano.a(libc_a-strcmp.o)
 .ARM.attributes
                0x00000502       0x17 /home/phong/.local/xPacks/@xpack-dev-tools/arm-none-eabi-gcc/12.3.1-1.2.1/.content/bin/../lib/gcc/arm-none-eabi/12.3.1/../../../../arm-none-eabi/lib/thumb/v7e-m/nofp/libg_nano.a(libc_a-strlen.o)
 .ARM.attributes
                0x00000519       0x2e /home/phong/.local/xPacks/@xpack-dev-tools/arm-none-eabi-gcc/12.3.1-1.2.1/.content/bin/../lib/gcc/arm-none-eabi/12.3.1/../../../../arm-none-eabi/lib/thumb/v7e-m/nofp/libg_nano.a(libc_a-nano-svfprintf.o)
 .ARM.attributes
                0x00000547       0x2e /home/phong/.local/xPacks/@xpack-dev-tools/arm-none-eabi-gcc/12.3.1-1.2.1/.content/bin/../lib/gcc/arm-none-eabi/12.3.1/../../../../arm-none-eabi/lib/thumb/v7e-m/nofp/libg_nano.a(libc_a-nano-vfprintf.o)
 .ARM.attributes
                0x00000575       0x2e /home/phong/.local/xPacks/@xpack-dev-tools/arm-none-eabi-gcc/12.3.1-1.2.1/.content/bin/../lib/gcc/arm-none-eabi/12.3.1/../../../../arm-none-eabi/lib/thumb/v7e-m/nofp/libg_nano.a(libc_a-nano-vfprintf_i.o)
 .ARM.attributes
                0x000005a3       0x2e /home/phong/.local/xPacks/@xpack-dev-tools/arm-none-eabi-gcc/12.3.1-1.2.1/.content/bin/../lib/gcc/arm-none-eabi/12.3.1/../../../../arm-none-eabi/lib/thumb/v7e-m/nofp/libg_nano.a(libc_a-findfp.o)
 .ARM.attributes
                0x000005d1       0x2e /home/phong/.local/xPacks/@xpack-dev-tools/arm-none-eabi-gcc/12.3.1-1.2.1/.content/bin/../lib/gcc/arm-none-eabi/12.3.1/../../../../arm-none-eabi/lib/thumb/v7e-m/nofp/libg_nano.a(libc_a-fwalk.o)
 .ARM.attributes
                0x000005ff       0x2e /home/phong/.local/xPacks/@xpack-dev-tools/arm-none-eabi-gcc/12.3.1-1.2.1/.content/bin/../lib/gcc/arm-none-eabi/12.3.1/../../../../arm-none-eabi/lib/thumb/v7e-m/nofp/libg_nano.a(libc_a-stdio.o)
 .ARM.attributes
                0x0000062d       0x2e /home/phong/.local/xPacks/@xpack-dev-tools/arm-none-eabi-gcc/12.3.1-1.2.1/.content/bin/../lib/gcc/arm-none-eabi/12.3.1/../../../../arm-none-eabi/lib/thumb/v7e-m/nofp/libg_nano.a(libc_a-wbuf.o)
 .ARM.attributes
                0x0000065b       0x2e /home/phong/.local/xPacks/@xpack-dev-tools/arm-none-eabi-gcc/12.3.1-1.2.1/.content/bin/../lib/gcc/arm-none-eabi/12.3.1/../../../../arm-none-eabi/lib/thumb/v7e-m/nofp/libg_nano.a(libc_a-wsetup.o)
 .ARM.attributes
                0x00000689       0x2e /home/phong/.local/xPacks/@xpack-dev-tools/arm-none-eabi-gcc/12.3.1-1.2.1/.content/bin/../lib/gcc/arm-none-eabi/12.3.1/../../../../arm-none-eabi/lib/thumb/v7e-m/nofp/libg_nano.a(libc_a-memmove.o)
 .ARM.attributes
                0x000006b7       0x2e /home/phong/.local/xPacks/@xpack-dev-tools/arm-none-eabi-gcc/12.3.1-1.2.1/.content/bin/../lib/gcc/arm-none-eabi/12.3.1/../../../../arm-none-eabi/lib/thumb/v7e-m/nofp/libg_nano.a(libc_a-closer.o)
 .ARM.attributes
                0x000006e5       0x2e /home/phong/.local/xPacks/@xpack-dev-tools/arm-none-eabi-gcc/12.3.1-1.2.1/.content/bin/../lib/gcc/arm-none-eabi/12.3.1/../../../../arm-none-eabi/lib/thumb/v7e-m/nofp/libg_nano.a(libc_a-lseekr.o)
 .ARM.attributes
                0x00000713       0x2e /home/phong/.local/xPacks/@xpack-dev-tools/arm-none-eabi-gcc/12.3.1-1.2.1/.content/bin/../lib/gcc/arm-none-eabi/12.3.1/../../../../arm-none-eabi/lib/thumb/v7e-m/nofp/libg_nano.a(libc_a-readr.o)
 .ARM.attributes
                0x00000741       0x2e /home/phong/.local/xPacks/@xpack-dev-tools/arm-none-eabi-gcc/12.3.1-1.2.1/.content/bin/../lib/gcc/arm-none-eabi/12.3.1/../../../../arm-none-eabi/lib/thumb/v7e-m/nofp/libg_nano.a(libc_a-writer.o)
 .ARM.attributes
                0x0000076f       0x2e /home/phong/.local/xPacks/@xpack-dev-tools/arm-none-eabi-gcc/12.3.1-1.2.1/.content/bin/../lib/gcc/arm-none-eabi/12.3.1/../../../../arm-none-eabi/lib/thumb/v7e-m/nofp/libg_nano.a(libc_a-lock.o)
 .ARM.attributes
                0x0000079d       0x1c /home/phong/.local/xPacks/@xpack-dev-tools/arm-none-eabi-gcc/12.3.1-1.2.1/.content/bin/../lib/gcc/arm-none-eabi/12.3.1/../../../../arm-none-eabi/lib/thumb/v7e-m/nofp/libg_nano.a(libc_a-memchr.o)
 .ARM.attributes
                0x000007b9       0x2e /home/phong/.local/xPacks/@xpack-dev-tools/arm-none-eabi-gcc/12.3.1-1.2.1/.content/bin/../lib/gcc/arm-none-eabi/12.3.1/../../../../arm-none-eabi/lib/thumb/v7e-m/nofp/libg_nano.a(libc_a-memcpy-stub.o)
 .ARM.attributes
                0x000007e7       0x2e /home/phong/.local/xPacks/@xpack-dev-tools/arm-none-eabi-gcc/12.3.1-1.2.1/.content/bin/../lib/gcc/arm-none-eabi/12.3.1/../../../../arm-none-eabi/lib/thumb/v7e-m/nofp/libg_nano.a(libc_a-freer.o)
 .ARM.attributes
                0x00000815       0x2e /home/phong/.local/xPacks/@xpack-dev-tools/arm-none-eabi-gcc/12.3.1-1.2.1/.content/bin/../lib/gcc/arm-none-eabi/12.3.1/../../../../arm-none-eabi/lib/thumb/v7e-m/nofp/libg_nano.a(libc_a-mallocr.o)
 .ARM.attributes
                0x00000843       0x2e /home/phong/.local/xPacks/@xpack-dev-tools/arm-none-eabi-gcc/12.3.1-1.2.1/.content/bin/../lib/gcc/arm-none-eabi/12.3.1/../../../../arm-none-eabi/lib/thumb/v7e-m/nofp/libg_nano.a(libc_a-mlock.o)
 .ARM.attributes
                0x00000871       0x2e /home/phong/.local/xPacks/@xpack-dev-tools/arm-none-eabi-gcc/12.3.1-1.2.1/.content/bin/../lib/gcc/arm-none-eabi/12.3.1/../../../../arm-none-eabi/lib/thumb/v7e-m/nofp/libg_nano.a(libc_a-reallocr.o)
 .ARM.attributes
                0x0000089f       0x2e /home/phong/.local/xPacks/@xpack-dev-tools/arm-none-eabi-gcc/12.3.1-1.2.1/.content/bin/../lib/gcc/arm-none-eabi/12.3.1/../../../../arm-none-eabi/lib/thumb/v7e-m/nofp/libg_nano.a(libc_a-fflush.o)
 .ARM.attributes
                0x000008cd       0x2e /home/phong/.local/xPacks/@xpack-dev-tools/arm-none-eabi-gcc/12.3.1-1.2.1/.content/bin/../lib/gcc/arm-none-eabi/12.3.1/../../../../arm-none-eabi/lib/thumb/v7e-m/nofp/libg_nano.a(libc_a-makebuf.o)
 .ARM.attributes
                0x000008fb       0x2e /home/phong/.local/xPacks/@xpack-dev-tools/arm-none-eabi-gcc/12.3.1-1.2.1/.content/bin/../lib/gcc/arm-none-eabi/12.3.1/../../../../arm-none-eabi/lib/thumb/v7e-m/nofp/libg_nano.a(libc_a-fstatr.o)
 .ARM.attributes
                0x00000929       0x2e /home/phong/.local/xPacks/@xpack-dev-tools/arm-none-eabi-gcc/12.3.1-1.2.1/.content/bin/../lib/gcc/arm-none-eabi/12.3.1/../../../../arm-none-eabi/lib/thumb/v7e-m/nofp/libg_nano.a(libc_a-isattyr.o)
 .ARM.attributes
                0x00000957       0x2e /home/phong/.local/xPacks/@xpack-dev-tools/arm-none-eabi-gcc/12.3.1-1.2.1/.content/bin/../lib/gcc/arm-none-eabi/12.3.1/../../../../arm-none-eabi/lib/thumb/v7e-m/nofp/libg_nano.a(libc_a-sbrkr.o)
 .ARM.attributes
                0x00000985       0x2e /home/phong/.local/xPacks/@xpack-dev-tools/arm-none-eabi-gcc/12.3.1-1.2.1/.content/bin/../lib/gcc/arm-none-eabi/12.3.1/../../../../arm-none-eabi/lib/thumb/v7e-m/nofp/libg_nano.a(libc_a-msizer.o)

.debug
 *(.debug)

.line
 *(.line)

.debug_srcinfo
 *(.debug_srcinfo)

.debug_sfnames
 *(.debug_sfnames)

.debug_aranges  0x00000000      0x5d0
 *(.debug_aranges)
 .debug_aranges
                0x00000000       0xf0 ./system/src/stm32f4-hal/stm32f4xx_hal.o
 .debug_aranges
                0x000000f0       0xd8 ./system/src/stm32f4-hal/stm32f4xx_hal_cortex.o
 .debug_aranges
                0x000001c8       0x88 ./system/src/stm32f4-hal/stm32f4xx_hal_rcc.o
 .debug_aranges
                0x00000250       0x20 ./system/src/newlib/sbrk.o
 .debug_aranges
                0x00000270       0x40 ./system/src/newlib/startup.o
 .debug_aranges
                0x000002b0      0x120 ./system/src/newlib/syscalls.o
 .debug_aranges
                0x000003d0       0x30 ./system/src/diag/trace-impl.o
 .debug_aranges
                0x00000400       0x38 ./system/src/diag/trace.o
 .debug_aranges
                0x00000438       0x98 ./system/src/cortexm/exception-handlers.o
 .debug_aranges
                0x000004d0       0x28 ./system/src/cortexm/initialize-hardware.o
 .debug_aranges
                0x000004f8       0x28 ./system/src/cmsis/system_stm32f4xx.o
 .debug_aranges
                0x00000520       0x20 ./system/src/cmsis/vectors_stm32f407xx.o
 .debug_aranges
                0x00000540       0x30 ./src/initialize-hardware.o
 .debug_aranges
                0x00000570       0x28 ./src/main.o
 .debug_aranges
                0x00000598       0x38 ./src/stm32f4xx_hal_msp.o

.debug_pubnames
 *(.debug_pubnames)

.debug_info     0x00000000     0x6bd3
 *(.debug_info .gnu.linkonce.wi.*)
 .debug_info    0x00000000      0xa42 ./system/src/stm32f4-hal/stm32f4xx_hal.o
 .debug_info    0x00000a42     0x1220 ./system/src/stm32f4-hal/stm32f4xx_hal_cortex.o
 .debug_info    0x00001c62      0xd1e ./system/src/stm32f4-hal/stm32f4xx_hal_rcc.o
 .debug_info    0x00002980      0x10f ./system/src/newlib/sbrk.o
 .debug_info    0x00002a8f      0x55b ./system/src/newlib/startup.o
 .debug_info    0x00002fea     0x19ea ./system/src/newlib/syscalls.o
 .debug_info    0x000049d4      0x319 ./system/src/diag/trace-impl.o
 .debug_info    0x00004ced      0x341 ./system/src/diag/trace.o
 .debug_info    0x0000502e      0x9fa ./system/src/cortexm/exception-handlers.o
 .debug_info    0x00005a28      0x292 ./system/src/cortexm/initialize-hardware.o
 .debug_info    0x00005cba      0x52b ./system/src/cmsis/system_stm32f4xx.o
 .debug_info    0x000061e5      0x10b ./system/src/cmsis/vectors_stm32f407xx.o
 .debug_info    0x000062f0      0x5a8 ./src/initialize-hardware.o
 .debug_info    0x00006898      0x283 ./src/main.o
 .debug_info    0x00006b1b       0xb8 ./src/stm32f4xx_hal_msp.o

.debug_abbrev   0x00000000     0x1cb7
 *(.debug_abbrev)
 .debug_abbrev  0x00000000      0x248 ./system/src/stm32f4-hal/stm32f4xx_hal.o
 .debug_abbrev  0x00000248      0x400 ./system/src/stm32f4-hal/stm32f4xx_hal_cortex.o
 .debug_abbrev  0x00000648      0x2dd ./system/src/stm32f4-hal/stm32f4xx_hal_rcc.o
 .debug_abbrev  0x00000925       0xcc ./system/src/newlib/sbrk.o
 .debug_abbrev  0x000009f1      0x25a ./system/src/newlib/startup.o
 .debug_abbrev  0x00000c4b      0x3ce ./system/src/newlib/syscalls.o
 .debug_abbrev  0x00001019      0x1e6 ./system/src/diag/trace-impl.o
 .debug_abbrev  0x000011ff      0x17d ./system/src/diag/trace.o
 .debug_abbrev  0x0000137c      0x2c4 ./system/src/cortexm/exception-handlers.o
 .debug_abbrev  0x00001640      0x104 ./system/src/cortexm/initialize-hardware.o
 .debug_abbrev  0x00001744      0x120 ./system/src/cmsis/system_stm32f4xx.o
 .debug_abbrev  0x00001864       0xb8 ./system/src/cmsis/vectors_stm32f407xx.o
 .debug_abbrev  0x0000191c      0x216 ./src/initialize-hardware.o
 .debug_abbrev  0x00001b32      0x13e ./src/main.o
 .debug_abbrev  0x00001c70       0x47 ./src/stm32f4xx_hal_msp.o

.debug_line     0x00000000     0xa17e
 *(.debug_line)
 .debug_line    0x00000000      0xd70 ./system/src/stm32f4-hal/stm32f4xx_hal.o
 .debug_line    0x00000d70     0x11f0 ./system/src/stm32f4-hal/stm32f4xx_hal_cortex.o
 .debug_line    0x00001f60     0x1416 ./system/src/stm32f4-hal/stm32f4xx_hal_rcc.o
 .debug_line    0x00003376      0x3c7 ./system/src/newlib/sbrk.o
 .debug_line    0x0000373d      0x65a ./system/src/newlib/startup.o
 .debug_line    0x00003d97     0x114e ./system/src/newlib/syscalls.o
 .debug_line    0x00004ee5      0xc1e ./system/src/diag/trace-impl.o
 .debug_line    0x00005b03      0x4b1 ./system/src/diag/trace.o
 .debug_line    0x00005fb4      0xfb1 ./system/src/cortexm/exception-handlers.o
 .debug_line    0x00006f65      0xa32 ./system/src/cortexm/initialize-hardware.o
 .debug_line    0x00007997      0xac4 ./system/src/cmsis/system_stm32f4xx.o
 .debug_line    0x0000845b      0x2ca ./system/src/cmsis/vectors_stm32f407xx.o
 .debug_line    0x00008725      0xbdf ./src/initialize-hardware.o
 .debug_line    0x00009304      0x458 ./src/main.o
 .debug_line    0x0000975c      0xa22 ./src/stm32f4xx_hal_msp.o

.debug_frame    0x00000000      0xdd4
 *(.debug_frame)
 .debug_frame   0x00000000      0x1f0 ./system/src/stm32f4-hal/stm32f4xx_hal.o
 .debug_frame   0x000001f0      0x214 ./system/src/stm32f4-hal/stm32f4xx_hal_cortex.o
 .debug_frame   0x00000404      0x16c ./system/src/stm32f4-hal/stm32f4xx_hal_rcc.o
 .debug_frame   0x00000570       0x28 ./system/src/newlib/sbrk.o
 .debug_frame   0x00000598       0x7c ./system/src/newlib/startup.o
 .debug_frame   0x00000614      0x3d0 ./system/src/newlib/syscalls.o
 .debug_frame   0x000009e4       0x64 ./system/src/diag/trace-impl.o
 .debug_frame   0x00000a48       0x94 ./system/src/diag/trace.o
 .debug_frame   0x00000adc      0x174 ./system/src/cortexm/exception-handlers.o
 .debug_frame   0x00000c50       0x40 ./system/src/cortexm/initialize-hardware.o
 .debug_frame   0x00000c90       0x30 ./system/src/cmsis/system_stm32f4xx.o
 .debug_frame   0x00000cc0       0x20 ./system/src/cmsis/vectors_stm32f407xx.o
 .debug_frame   0x00000ce0       0x60 ./src/initialize-hardware.o
 .debug_frame   0x00000d40       0x44 ./src/main.o
 .debug_frame   0x00000d84       0x50 ./src/stm32f4xx_hal_msp.o

.debug_str      0x00000000    0xf736a
 *(.debug_str)
 .debug_str     0x00000000    0xeecd4 ./system/src/stm32f4-hal/stm32f4xx_hal.o
                              0xef063 (size before relaxing)
 .debug_str     0x000eecd4      0x3b3 ./system/src/stm32f4-hal/stm32f4xx_hal_cortex.o
                              0xeed98 (size before relaxing)
 .debug_str     0x000ef087      0x41f ./system/src/stm32f4-hal/stm32f4xx_hal_rcc.o
                              0xee912 (size before relaxing)
 .debug_str     0x000ef4a6     0x391e ./system/src/newlib/sbrk.o
                               0x6fcc (size before relaxing)
 .debug_str     0x000f2dc4      0x2d1 ./system/src/newlib/startup.o
                               0x669c (size before relaxing)
 .debug_str     0x000f3095     0x3be9 ./system/src/newlib/syscalls.o
                               0xb634 (size before relaxing)
 .debug_str     0x000f6c7e       0xbd ./system/src/diag/trace-impl.o
                              0xf1955 (size before relaxing)
 .debug_str     0x000f6d3b      0x162 ./system/src/diag/trace.o
                               0x835d (size before relaxing)
 .debug_str     0x000f6e9d      0x1dc ./system/src/cortexm/exception-handlers.o
                              0xf2ca3 (size before relaxing)
 .debug_str     0x000f7079       0x5d ./system/src/cortexm/initialize-hardware.o
                              0xee3f8 (size before relaxing)
 .debug_str     0x000f70d6       0x46 ./system/src/cmsis/system_stm32f4xx.o
                              0xee4e6 (size before relaxing)
 .debug_str     0x000f711c       0x59 ./system/src/cmsis/vectors_stm32f407xx.o
                               0x3e4f (size before relaxing)
 .debug_str     0x000f7175       0x35 ./src/initialize-hardware.o
                              0xf1927 (size before relaxing)
 .debug_str     0x000f71aa      0x183 ./src/main.o
                               0x8307 (size before relaxing)
 .debug_str     0x000f732d       0x3d ./src/stm32f4xx_hal_msp.o
                              0xee323 (size before relaxing)

.debug_loc
 *(.debug_loc)

.debug_macinfo
 *(.debug_macinfo)

.debug_weaknames
 *(.debug_weaknames)

.debug_funcnames
 *(.debug_funcnames)

.debug_typenames
 *(.debug_typenames)

.debug_varnames
 *(.debug_varnames)
OUTPUT(donhietdo.elf elf32-littlearm)
LOAD linker stubs

.debug_loclists
                0x00000000     0x1f2a
 .debug_loclists
                0x00000000       0xbe ./system/src/stm32f4-hal/stm32f4xx_hal.o
 .debug_loclists
                0x000000be      0x4ce ./system/src/stm32f4-hal/stm32f4xx_hal_cortex.o
 .debug_loclists
                0x0000058c      0x3a8 ./system/src/stm32f4-hal/stm32f4xx_hal_rcc.o
 .debug_loclists
                0x00000934       0x69 ./system/src/newlib/sbrk.o
 .debug_loclists
                0x0000099d      0x2b7 ./system/src/newlib/startup.o
 .debug_loclists
                0x00000c54      0xbfa ./system/src/newlib/syscalls.o
 .debug_loclists
                0x0000184e       0xf5 ./system/src/diag/trace-impl.o
 .debug_loclists
                0x00001943       0xb2 ./system/src/diag/trace.o
 .debug_loclists
                0x000019f5      0x33e ./system/src/cortexm/exception-handlers.o
 .debug_loclists
                0x00001d33       0xdb ./system/src/cmsis/system_stm32f4xx.o
 .debug_loclists
                0x00001e0e       0x48 ./src/initialize-hardware.o
 .debug_loclists
                0x00001e56       0xd4 ./src/main.o

.debug_rnglists
                0x00000000      0x4b3
 .debug_rnglists
                0x00000000       0xaf ./system/src/stm32f4-hal/stm32f4xx_hal.o
 .debug_rnglists
                0x000000af       0xda ./system/src/stm32f4-hal/stm32f4xx_hal_cortex.o
 .debug_rnglists
                0x00000189       0x75 ./system/src/stm32f4-hal/stm32f4xx_hal_rcc.o
 .debug_rnglists
                0x000001fe       0x13 ./system/src/newlib/sbrk.o
 .debug_rnglists
                0x00000211       0x50 ./system/src/newlib/startup.o
 .debug_rnglists
                0x00000261       0xe3 ./system/src/newlib/syscalls.o
 .debug_rnglists
                0x00000344       0x2b ./system/src/diag/trace-impl.o
 .debug_rnglists
                0x0000036f       0x25 ./system/src/diag/trace.o
 .debug_rnglists
                0x00000394       0x6f ./system/src/cortexm/exception-handlers.o
 .debug_rnglists
                0x00000403       0x19 ./system/src/cortexm/initialize-hardware.o
 .debug_rnglists
                0x0000041c       0x1a ./system/src/cmsis/system_stm32f4xx.o
 .debug_rnglists
                0x00000436       0x13 ./system/src/cmsis/vectors_stm32f407xx.o
 .debug_rnglists
                0x00000449       0x20 ./src/initialize-hardware.o
 .debug_rnglists
                0x00000469       0x25 ./src/main.o
 .debug_rnglists
                0x0000048e       0x25 ./src/stm32f4xx_hal_msp.o

.debug_macro    0x00000000    0x2852f
 .debug_macro   0x00000000      0x44c ./system/src/stm32f4-hal/stm32f4xx_hal.o
 .debug_macro   0x0000044c      0xac0 ./system/src/stm32f4-hal/stm32f4xx_hal.o
 .debug_macro   0x00000f0c      0x3a2 ./system/src/stm32f4-hal/stm32f4xx_hal.o
 .debug_macro   0x000012ae       0x2e ./system/src/stm32f4-hal/stm32f4xx_hal.o
 .debug_macro   0x000012dc       0x2f ./system/src/stm32f4-hal/stm32f4xx_hal.o
 .debug_macro   0x0000130b       0x22 ./system/src/stm32f4-hal/stm32f4xx_hal.o
 .debug_macro   0x0000132d       0x8e ./system/src/stm32f4-hal/stm32f4xx_hal.o
 .debug_macro   0x000013bb       0x51 ./system/src/stm32f4-hal/stm32f4xx_hal.o
 .debug_macro   0x0000140c      0x103 ./system/src/stm32f4-hal/stm32f4xx_hal.o
 .debug_macro   0x0000150f       0x6a ./system/src/stm32f4-hal/stm32f4xx_hal.o
 .debug_macro   0x00001579      0x1df ./system/src/stm32f4-hal/stm32f4xx_hal.o
 .debug_macro   0x00001758       0x1c ./system/src/stm32f4-hal/stm32f4xx_hal.o
 .debug_macro   0x00001774       0x22 ./system/src/stm32f4-hal/stm32f4xx_hal.o
 .debug_macro   0x00001796       0xd9 ./system/src/stm32f4-hal/stm32f4xx_hal.o
 .debug_macro   0x0000186f     0x102d ./system/src/stm32f4-hal/stm32f4xx_hal.o
 .debug_macro   0x0000289c      0x11f ./system/src/stm32f4-hal/stm32f4xx_hal.o
 .debug_macro   0x000029bb    0x15e3c ./system/src/stm32f4-hal/stm32f4xx_hal.o
 .debug_macro   0x000187f7       0x43 ./system/src/stm32f4-hal/stm32f4xx_hal.o
 .debug_macro   0x0001883a     0x3659 ./system/src/stm32f4-hal/stm32f4xx_hal.o
 .debug_macro   0x0001be93      0x189 ./system/src/stm32f4-hal/stm32f4xx_hal.o
 .debug_macro   0x0001c01c       0x5a ./system/src/stm32f4-hal/stm32f4xx_hal.o
 .debug_macro   0x0001c076      0x96b ./system/src/stm32f4-hal/stm32f4xx_hal.o
 .debug_macro   0x0001c9e1      0x9fe ./system/src/stm32f4-hal/stm32f4xx_hal.o
 .debug_macro   0x0001d3df      0x117 ./system/src/stm32f4-hal/stm32f4xx_hal.o
 .debug_macro   0x0001d4f6      0x13e ./system/src/stm32f4-hal/stm32f4xx_hal.o
 .debug_macro   0x0001d634       0x27 ./system/src/stm32f4-hal/stm32f4xx_hal.o
 .debug_macro   0x0001d65b      0x174 ./system/src/stm32f4-hal/stm32f4xx_hal.o
 .debug_macro   0x0001d7cf      0x287 ./system/src/stm32f4-hal/stm32f4xx_hal.o
 .debug_macro   0x0001da56       0x5f ./system/src/stm32f4-hal/stm32f4xx_hal.o
 .debug_macro   0x0001dab5      0x236 ./system/src/stm32f4-hal/stm32f4xx_hal.o
 .debug_macro   0x0001dceb      0x391 ./system/src/stm32f4-hal/stm32f4xx_hal.o
 .debug_macro   0x0001e07c      0x176 ./system/src/stm32f4-hal/stm32f4xx_hal.o
 .debug_macro   0x0001e1f2       0xf9 ./system/src/stm32f4-hal/stm32f4xx_hal.o
 .debug_macro   0x0001e2eb      0x40f ./system/src/stm32f4-hal/stm32f4xx_hal.o
 .debug_macro   0x0001e6fa       0x22 ./system/src/stm32f4-hal/stm32f4xx_hal.o
 .debug_macro   0x0001e71c       0xea ./system/src/stm32f4-hal/stm32f4xx_hal.o
 .debug_macro   0x0001e806       0xa0 ./system/src/stm32f4-hal/stm32f4xx_hal.o
 .debug_macro   0x0001e8a6       0x3c ./system/src/stm32f4-hal/stm32f4xx_hal.o
 .debug_macro   0x0001e8e2       0x1f ./system/src/stm32f4-hal/stm32f4xx_hal.o
 .debug_macro   0x0001e901      0x1d2 ./system/src/stm32f4-hal/stm32f4xx_hal.o
 .debug_macro   0x0001ead3      0xccf ./system/src/stm32f4-hal/stm32f4xx_hal.o
 .debug_macro   0x0001f7a2      0x12c ./system/src/stm32f4-hal/stm32f4xx_hal.o
 .debug_macro   0x0001f8ce      0x21e ./system/src/stm32f4-hal/stm32f4xx_hal.o
 .debug_macro   0x0001faec       0x2e ./system/src/stm32f4-hal/stm32f4xx_hal.o
 .debug_macro   0x0001fb1a      0x543 ./system/src/stm32f4-hal/stm32f4xx_hal.o
 .debug_macro   0x0002005d       0x88 ./system/src/stm32f4-hal/stm32f4xx_hal.o
 .debug_macro   0x000200e5       0xea ./system/src/stm32f4-hal/stm32f4xx_hal.o
 .debug_macro   0x000201cf      0x184 ./system/src/stm32f4-hal/stm32f4xx_hal.o
 .debug_macro   0x00020353      0x1b5 ./system/src/stm32f4-hal/stm32f4xx_hal.o
 .debug_macro   0x00020508       0xd6 ./system/src/stm32f4-hal/stm32f4xx_hal.o
 .debug_macro   0x000205de      0x26b ./system/src/stm32f4-hal/stm32f4xx_hal.o
 .debug_macro   0x00020849      0x1a7 ./system/src/stm32f4-hal/stm32f4xx_hal.o
 .debug_macro   0x000209f0       0x46 ./system/src/stm32f4-hal/stm32f4xx_hal.o
 .debug_macro   0x00020a36       0x4a ./system/src/stm32f4-hal/stm32f4xx_hal.o
 .debug_macro   0x00020a80       0x78 ./system/src/stm32f4-hal/stm32f4xx_hal.o
 .debug_macro   0x00020af8      0x11a ./system/src/stm32f4-hal/stm32f4xx_hal.o
 .debug_macro   0x00020c12       0x7e ./system/src/stm32f4-hal/stm32f4xx_hal.o
 .debug_macro   0x00020c90       0x89 ./system/src/stm32f4-hal/stm32f4xx_hal.o
 .debug_macro   0x00020d19       0xa4 ./system/src/stm32f4-hal/stm32f4xx_hal.o
 .debug_macro   0x00020dbd      0x31a ./system/src/stm32f4-hal/stm32f4xx_hal.o
 .debug_macro   0x000210d7      0x405 ./system/src/stm32f4-hal/stm32f4xx_hal.o
 .debug_macro   0x000214dc       0xe4 ./system/src/stm32f4-hal/stm32f4xx_hal.o
 .debug_macro   0x000215c0      0x861 ./system/src/stm32f4-hal/stm32f4xx_hal.o
 .debug_macro   0x00021e21      0x1d5 ./system/src/stm32f4-hal/stm32f4xx_hal.o
 .debug_macro   0x00021ff6      0x225 ./system/src/stm32f4-hal/stm32f4xx_hal.o
 .debug_macro   0x0002221b      0x8a0 ./system/src/stm32f4-hal/stm32f4xx_hal.o
 .debug_macro   0x00022abb       0x47 ./system/src/stm32f4-hal/stm32f4xx_hal.o
 .debug_macro   0x00022b02      0x287 ./system/src/stm32f4-hal/stm32f4xx_hal.o
 .debug_macro   0x00022d89      0x217 ./system/src/stm32f4-hal/stm32f4xx_hal.o
 .debug_macro   0x00022fa0      0x1b5 ./system/src/stm32f4-hal/stm32f4xx_hal.o
 .debug_macro   0x00023155      0x2db ./system/src/stm32f4-hal/stm32f4xx_hal.o
 .debug_macro   0x00023430       0x8d ./system/src/stm32f4-hal/stm32f4xx_hal.o
 .debug_macro   0x000234bd      0x21e ./system/src/stm32f4-hal/stm32f4xx_hal.o
 .debug_macro   0x000236db       0xba ./system/src/stm32f4-hal/stm32f4xx_hal.o
 .debug_macro   0x00023795       0x6e ./system/src/stm32f4-hal/stm32f4xx_hal.o
 .debug_macro   0x00023803      0x1e9 ./system/src/stm32f4-hal/stm32f4xx_hal.o
 .debug_macro   0x000239ec      0x12d ./system/src/stm32f4-hal/stm32f4xx_hal.o
 .debug_macro   0x00023b19      0x3ec ./system/src/stm32f4-hal/stm32f4xx_hal_cortex.o
 .debug_macro   0x00023f05      0x410 ./system/src/stm32f4-hal/stm32f4xx_hal_rcc.o
 .debug_macro   0x00024315      0x163 ./system/src/newlib/sbrk.o
 .debug_macro   0x00024478       0x10 ./system/src/newlib/sbrk.o
 .debug_macro   0x00024488      0x23c ./system/src/newlib/sbrk.o
 .debug_macro   0x000246c4      0x174 ./system/src/newlib/startup.o
 .debug_macro   0x00024838      0xac6 ./system/src/newlib/startup.o
 .debug_macro   0x000252fe       0x7b ./system/src/newlib/startup.o
 .debug_macro   0x00025379      0x2dd ./system/src/newlib/syscalls.o
 .debug_macro   0x00025656       0x10 ./system/src/newlib/syscalls.o
 .debug_macro   0x00025666       0x10 ./system/src/newlib/syscalls.o
 .debug_macro   0x00025676       0x10 ./system/src/newlib/syscalls.o
 .debug_macro   0x00025686       0x35 ./system/src/newlib/syscalls.o
 .debug_macro   0x000256bb      0x12c ./system/src/newlib/syscalls.o
 .debug_macro   0x000257e7      0x22a ./system/src/newlib/syscalls.o
 .debug_macro   0x00025a11       0x10 ./system/src/newlib/syscalls.o
 .debug_macro   0x00025a21       0x1c ./system/src/newlib/syscalls.o
 .debug_macro   0x00025a3d       0x10 ./system/src/newlib/syscalls.o
 .debug_macro   0x00025a4d       0x10 ./system/src/newlib/syscalls.o
 .debug_macro   0x00025a5d       0x16 ./system/src/newlib/syscalls.o
 .debug_macro   0x00025a73      0x170 ./system/src/newlib/syscalls.o
 .debug_macro   0x00025be3       0x16 ./system/src/newlib/syscalls.o
 .debug_macro   0x00025bf9       0xce ./system/src/newlib/syscalls.o
 .debug_macro   0x00025cc7      0x242 ./system/src/newlib/syscalls.o
 .debug_macro   0x00025f09       0x16 ./system/src/newlib/syscalls.o
 .debug_macro   0x00025f1f       0x3a ./system/src/newlib/syscalls.o
 .debug_macro   0x00025f59      0x11f ./system/src/newlib/syscalls.o
 .debug_macro   0x00026078      0x190 ./system/src/newlib/syscalls.o
 .debug_macro   0x00026208       0x16 ./system/src/newlib/syscalls.o
 .debug_macro   0x0002621e       0x22 ./system/src/newlib/syscalls.o
 .debug_macro   0x00026240      0x522 ./system/src/diag/trace-impl.o
 .debug_macro   0x00026762       0x10 ./system/src/diag/trace-impl.o
 .debug_macro   0x00026772      0x1f4 ./system/src/diag/trace.o
 .debug_macro   0x00026966       0x16 ./system/src/diag/trace.o
 .debug_macro   0x0002697c       0x9e ./system/src/diag/trace.o
 .debug_macro   0x00026a1a      0x10b ./system/src/diag/trace.o
 .debug_macro   0x00026b25       0x16 ./system/src/diag/trace.o
 .debug_macro   0x00026b3b       0x4c ./system/src/diag/trace.o
 .debug_macro   0x00026b87       0xc1 ./system/src/diag/trace.o
 .debug_macro   0x00026c48      0x595 ./system/src/cortexm/exception-handlers.o
 .debug_macro   0x000271dd       0x10 ./system/src/cortexm/exception-handlers.o
 .debug_macro   0x000271ed      0x3f6 ./system/src/cortexm/initialize-hardware.o
 .debug_macro   0x000275e3      0x3f2 ./system/src/cmsis/system_stm32f4xx.o
 .debug_macro   0x000279d5       0x73 ./system/src/cmsis/vectors_stm32f407xx.o
 .debug_macro   0x00027a48      0x507 ./src/initialize-hardware.o
 .debug_macro   0x00027f4f      0x1f4 ./src/main.o
 .debug_macro   0x00028143      0x3ec ./src/stm32f4xx_hal_msp.o
